Thu Sep 10 08:44:33 UTC 2026 - Executing "openroad -exit -no_init -python /openlane/scripts/odbpy/lefutil.py get_metal_layers -o /openlane/designs/riscv_stage2/runs/RUN_2026.09.10_08.44.32/tmp/layers.list /home/ahmedizzat207/.ciel/sky130A/libs.ref/sky130_fd_sc_hd/techlef/sky130_fd_sc_hd__nom.tlef"

Thu Sep 10 08:44:34 UTC 2026 - Executing "/openlane/scripts/mergeLef.py -o /openlane/designs/riscv_stage2/runs/RUN_2026.09.10_08.44.32/tmp/merged.nom.lef -i /home/ahmedizzat207/.ciel/sky130A/libs.ref/sky130_fd_sc_hd/techlef/sky130_fd_sc_hd__nom.tlef {/home/ahmedizzat207/.ciel/sky130A/libs.ref/sky130_fd_sc_hd/lef/sky130_fd_sc_hd.lef /home/ahmedizzat207/.ciel/sky130A/libs.ref/sky130_fd_sc_hd/lef/sky130_ef_sc_hd.lef} |& tee /dev/null"

Thu Sep 10 08:44:34 UTC 2026 - Executing "/openlane/scripts/mergeLef.py -o /openlane/designs/riscv_stage2/runs/RUN_2026.09.10_08.44.32/tmp/merged.min.lef -i /home/ahmedizzat207/.ciel/sky130A/libs.ref/sky130_fd_sc_hd/techlef/sky130_fd_sc_hd__min.tlef {/home/ahmedizzat207/.ciel/sky130A/libs.ref/sky130_fd_sc_hd/lef/sky130_fd_sc_hd.lef /home/ahmedizzat207/.ciel/sky130A/libs.ref/sky130_fd_sc_hd/lef/sky130_ef_sc_hd.lef} |& tee /dev/null"

Thu Sep 10 08:44:34 UTC 2026 - Executing "/openlane/scripts/mergeLef.py -o /openlane/designs/riscv_stage2/runs/RUN_2026.09.10_08.44.32/tmp/merged.max.lef -i /home/ahmedizzat207/.ciel/sky130A/libs.ref/sky130_fd_sc_hd/techlef/sky130_fd_sc_hd__max.tlef {/home/ahmedizzat207/.ciel/sky130A/libs.ref/sky130_fd_sc_hd/lef/sky130_fd_sc_hd.lef /home/ahmedizzat207/.ciel/sky130A/libs.ref/sky130_fd_sc_hd/lef/sky130_ef_sc_hd.lef} |& tee /dev/null"

Thu Sep 10 08:44:34 UTC 2026 - Executing "python3 /openlane/scripts/mergeLib.py --output /openlane/designs/riscv_stage2/runs/RUN_2026.09.10_08.44.32/tmp/synthesis/merged.lib --name sky130A_merged /home/ahmedizzat207/.ciel/sky130A/libs.ref/sky130_fd_sc_hd/lib/sky130_fd_sc_hd__tt_025C_1v80.lib"

Thu Sep 10 08:44:34 UTC 2026 - Executing "python3 /openlane/scripts/libtrim.py --cell-file /openlane/designs/riscv_stage2/runs/RUN_2026.09.10_08.44.32/tmp/synthesis/trimmed.lib.exclude.list --output /openlane/designs/riscv_stage2/runs/RUN_2026.09.10_08.44.32/tmp/synthesis/trimmed.lib /openlane/designs/riscv_stage2/runs/RUN_2026.09.10_08.44.32/tmp/synthesis/merged.lib"

Thu Sep 10 08:44:35 UTC 2026 - Executing "python3 /openlane/scripts/libtrim.py --cell-file /openlane/designs/riscv_stage2/runs/RUN_2026.09.10_08.44.32/tmp/cts/cts.lib.exclude.list --output /openlane/designs/riscv_stage2/runs/RUN_2026.09.10_08.44.32/tmp/cts/cts.lib /home/ahmedizzat207/.ciel/sky130A/libs.ref/sky130_fd_sc_hd/lib/sky130_fd_sc_hd__tt_025C_1v80.lib"

Thu Sep 10 08:44:35 UTC 2026 - Executing "python3 /openlane/scripts/libtrim.py --cell-file /openlane/designs/riscv_stage2/runs/RUN_2026.09.10_08.44.32/tmp/cts/cts-fastest.lib.exclude.list --output /openlane/designs/riscv_stage2/runs/RUN_2026.09.10_08.44.32/tmp/cts/cts-fastest.lib /home/ahmedizzat207/.ciel/sky130A/libs.ref/sky130_fd_sc_hd/lib/sky130_fd_sc_hd__ff_n40C_1v95.lib"

Thu Sep 10 08:44:35 UTC 2026 - Executing "python3 /openlane/scripts/libtrim.py --cell-file /openlane/designs/riscv_stage2/runs/RUN_2026.09.10_08.44.32/tmp/cts/cts-slowest.lib.exclude.list --output /openlane/designs/riscv_stage2/runs/RUN_2026.09.10_08.44.32/tmp/cts/cts-slowest.lib /home/ahmedizzat207/.ciel/sky130A/libs.ref/sky130_fd_sc_hd/lib/sky130_fd_sc_hd__ss_100C_1v60.lib"

Thu Sep 10 08:44:36 UTC 2026 - Executing "python3 /openlane/scripts/new_tracks.py -i /home/ahmedizzat207/.ciel/sky130A/libs.tech/openlane/sky130_fd_sc_hd/tracks.info -o /openlane/designs/riscv_stage2/runs/RUN_2026.09.10_08.44.32/tmp/routing/config.tracks"

Thu Sep 10 08:44:36 UTC 2026 - Executing "echo {OpenLane ff5509f65b17bfa4068d5336495ab1718987ff69} > /openlane/designs/riscv_stage2/runs/RUN_2026.09.10_08.44.32/OPENLANE_COMMIT"

Thu Sep 10 08:44:36 UTC 2026 - Executing "bash -c {verilator  --lint-only  -Wall  --Wno-DECLFILENAME  --top-module top  /openlane/designs/riscv_stage2/src/riscv_stage2.v -Wno-fatal --relative-includes |& tee /openlane/designs/riscv_stage2/runs/RUN_2026.09.10_08.44.32/logs/synthesis/linter.log /dev/null}"

Thu Sep 10 08:44:36 UTC 2026 - Executing "sed -E {s/^([[:space:]]+)pg_pin(.*)/\1pin\2\n\1    direction : "inout";/g} /home/ahmedizzat207/.ciel/sky130A/libs.ref/sky130_fd_sc_hd/lib/sky130_fd_sc_hd__tt_025C_1v80.lib > /openlane/designs/riscv_stage2/runs/RUN_2026.09.10_08.44.32/tmp/synthesis/1-sky130_fd_sc_hd__tt_025C_1v80.no_pg.lib"

Thu Sep 10 08:44:36 UTC 2026 - Executing "sed -E {s/^([[:space:]]+)pg_pin(.*)/\1pin\2\n\1    direction : "inout";/g} /openlane/designs/riscv_stage2/runs/RUN_2026.09.10_08.44.32/tmp/synthesis/trimmed.lib > /openlane/designs/riscv_stage2/runs/RUN_2026.09.10_08.44.32/tmp/synthesis/1-trimmed.no_pg.lib"

Thu Sep 10 08:44:36 UTC 2026 - Executing "yosys -c /openlane/scripts/yosys/synth.tcl |& tee /dev/null /openlane/designs/riscv_stage2/runs/RUN_2026.09.10_08.44.32/logs/synthesis/1-synthesis.log"

Thu Sep 10 08:45:12 UTC 2026 - Executing "sed -i.bak -e {s/\(set ::env(CURRENT_NETLIST)\).*/\1 \/openlane\/designs\/riscv_stage2\/runs\/RUN_2026.09.10_08.44.32\/results\/synthesis\/top.v/} /openlane/designs/riscv_stage2/runs/RUN_2026.09.10_08.44.32/config.tcl"

Thu Sep 10 08:45:12 UTC 2026 - Executing "sed -i.bak /defparam/d /openlane/designs/riscv_stage2/runs/RUN_2026.09.10_08.44.32/results/synthesis/top.v"

Thu Sep 10 08:45:12 UTC 2026 - Executing "sta -exit -no_init /openlane/scripts/openroad/sta/multi_corner.tcl |& tee /dev/null /openlane/designs/riscv_stage2/runs/RUN_2026.09.10_08.44.32/logs/synthesis/2-sta.log"

Thu Sep 10 08:45:14 UTC 2026 - Executing "openroad -exit /openlane/scripts/openroad/floorplan.tcl |& tee /dev/null /openlane/designs/riscv_stage2/runs/RUN_2026.09.10_08.44.32/logs/floorplan/3-initial_fp.log"

Thu Sep 10 08:45:15 UTC 2026 - Executing "openroad -exit -no_init -python /openlane/scripts/odbpy/defutil.py extract_core_dims --output-data /openlane/designs/riscv_stage2/runs/RUN_2026.09.10_08.44.32/tmp/dimensions.txt --input-lef /openlane/designs/riscv_stage2/runs/RUN_2026.09.10_08.44.32/tmp/merged.nom.lef /openlane/designs/riscv_stage2/runs/RUN_2026.09.10_08.44.32/tmp/floorplan/3-initial_fp.def"

Thu Sep 10 08:45:15 UTC 2026 - Executing "openroad -exit /openlane/scripts/openroad/ioplacer.tcl |& tee /dev/null /openlane/designs/riscv_stage2/runs/RUN_2026.09.10_08.44.32/logs/floorplan/4-io.log"

Thu Sep 10 08:45:16 UTC 2026 - Executing "openroad -exit /openlane/scripts/openroad/tapcell.tcl |& tee /dev/null /openlane/designs/riscv_stage2/runs/RUN_2026.09.10_08.44.32/logs/floorplan/5-tap.log"

Thu Sep 10 08:45:17 UTC 2026 - Executing "openroad -exit /openlane/scripts/openroad/pdn.tcl |& tee /dev/null /openlane/designs/riscv_stage2/runs/RUN_2026.09.10_08.44.32/logs/floorplan/6-pdn.log"

Thu Sep 10 08:45:19 UTC 2026 - Executing "openroad -exit /openlane/scripts/openroad/gpl.tcl |& tee /dev/null /openlane/designs/riscv_stage2/runs/RUN_2026.09.10_08.44.32/logs/placement/7-global.log"

Thu Sep 10 08:45:45 UTC 2026 - Executing "sed -i.bak -e {s/\(set ::env(CURRENT_NETLIST)\).*/\1 \/openlane\/designs\/riscv_stage2\/runs\/RUN_2026.09.10_08.44.32\/tmp\/placement\/7-global.nl.v/} /openlane/designs/riscv_stage2/runs/RUN_2026.09.10_08.44.32/config.tcl"

Thu Sep 10 08:45:45 UTC 2026 - Executing "openroad -exit /openlane/scripts/openroad/sta/multi_corner.tcl |& tee /dev/null /openlane/designs/riscv_stage2/runs/RUN_2026.09.10_08.44.32/logs/placement/8-gpl_sta.log"

Thu Sep 10 08:45:48 UTC 2026 - Executing "openroad -exit /openlane/scripts/openroad/resizer.tcl |& tee /dev/null /openlane/designs/riscv_stage2/runs/RUN_2026.09.10_08.44.32/logs/placement/9-resizer.log"

Thu Sep 10 08:45:56 UTC 2026 - Executing "sed -i.bak -e {s/\(set ::env(CURRENT_NETLIST)\).*/\1 \/openlane\/designs\/riscv_stage2\/runs\/RUN_2026.09.10_08.44.32\/tmp\/placement\/9-resizer.nl.v/} /openlane/designs/riscv_stage2/runs/RUN_2026.09.10_08.44.32/config.tcl"

Thu Sep 10 08:45:56 UTC 2026 - Executing "openroad -exit /openlane/scripts/openroad/dpl.tcl |& tee /dev/null /openlane/designs/riscv_stage2/runs/RUN_2026.09.10_08.44.32/logs/placement/10-detailed.log"

Thu Sep 10 08:45:57 UTC 2026 - Executing "sed -i.bak -e {s/\(set ::env(CURRENT_NETLIST)\).*/\1 \/openlane\/designs\/riscv_stage2\/runs\/RUN_2026.09.10_08.44.32\/results\/placement\/top.nl.v/} /openlane/designs/riscv_stage2/runs/RUN_2026.09.10_08.44.32/config.tcl"

Thu Sep 10 08:45:57 UTC 2026 - Executing "openroad -exit /openlane/scripts/openroad/sta/multi_corner.tcl |& tee /dev/null /openlane/designs/riscv_stage2/runs/RUN_2026.09.10_08.44.32/logs/placement/11-dpl_sta.log"

Thu Sep 10 08:46:00 UTC 2026 - Executing "openroad -exit /openlane/scripts/openroad/cts.tcl |& tee /dev/null /openlane/designs/riscv_stage2/runs/RUN_2026.09.10_08.44.32/logs/cts/12-cts.log"

Thu Sep 10 08:46:55 UTC 2026 - Executing "openroad -exit /openlane/scripts/openroad/sta/multi_corner.tcl |& tee /dev/null /openlane/designs/riscv_stage2/runs/RUN_2026.09.10_08.44.32/logs/cts/13-cts_sta.log"

Thu Sep 10 08:47:01 UTC 2026 - Executing "openroad -exit /openlane/scripts/openroad/resizer_timing.tcl |& tee /dev/null /openlane/designs/riscv_stage2/runs/RUN_2026.09.10_08.44.32/logs/cts/14-resizer.log"

Thu Sep 10 08:47:13 UTC 2026 - Executing "sed -i.bak -e {s/\(set ::env(CURRENT_NETLIST)\).*/\1 \/openlane\/designs\/riscv_stage2\/runs\/RUN_2026.09.10_08.44.32\/tmp\/cts\/14-top.resized.nl.v/} /openlane/designs/riscv_stage2/runs/RUN_2026.09.10_08.44.32/config.tcl"

Thu Sep 10 08:47:13 UTC 2026 - Executing "openroad -exit /openlane/scripts/openroad/resizer_routing_design.tcl |& tee /dev/null /openlane/designs/riscv_stage2/runs/RUN_2026.09.10_08.44.32/logs/routing/15-resizer_design.log"

Thu Sep 10 08:47:25 UTC 2026 - Executing "sed -i.bak -e {s/\(set ::env(CURRENT_NETLIST)\).*/\1 \/openlane\/designs\/riscv_stage2\/runs\/RUN_2026.09.10_08.44.32\/tmp\/15-top.nl.v/} /openlane/designs/riscv_stage2/runs/RUN_2026.09.10_08.44.32/config.tcl"

Thu Sep 10 08:47:25 UTC 2026 - Executing "openroad -exit /openlane/scripts/openroad/sta/multi_corner.tcl |& tee /dev/null /openlane/designs/riscv_stage2/runs/RUN_2026.09.10_08.44.32/logs/routing/16-rsz_design_sta.log"

Thu Sep 10 08:47:30 UTC 2026 - Executing "openroad -exit /openlane/scripts/openroad/resizer_routing_timing.tcl |& tee /dev/null /openlane/designs/riscv_stage2/runs/RUN_2026.09.10_08.44.32/logs/routing/17-resizer_timing.log"

Thu Sep 10 08:47:37 UTC 2026 - Executing "sed -i.bak -e {s/\(set ::env(CURRENT_NETLIST)\).*/\1 \/openlane\/designs\/riscv_stage2\/runs\/RUN_2026.09.10_08.44.32\/tmp\/17-top.nl.v/} /openlane/designs/riscv_stage2/runs/RUN_2026.09.10_08.44.32/config.tcl"

Thu Sep 10 08:47:37 UTC 2026 - Executing "openroad -exit /openlane/scripts/openroad/sta/multi_corner.tcl |& tee /dev/null /openlane/designs/riscv_stage2/runs/RUN_2026.09.10_08.44.32/logs/routing/18-rsz_timing_sta.log"

Thu Sep 10 08:47:43 UTC 2026 - Executing "openroad -exit /openlane/scripts/openroad/groute.tcl |& tee /dev/null /openlane/designs/riscv_stage2/runs/RUN_2026.09.10_08.44.32/logs/routing/19-global.log"

Thu Sep 10 08:47:51 UTC 2026 - Executing "openroad -exit /openlane/scripts/openroad/write_views.tcl |& tee /dev/null /openlane/designs/riscv_stage2/runs/RUN_2026.09.10_08.44.32/logs/routing/19-global_write_netlist.log"

Thu Sep 10 08:47:52 UTC 2026 - Executing "sed -i.bak -e {s/\(set ::env(CURRENT_NETLIST)\).*/\1 \/openlane\/designs\/riscv_stage2\/runs\/RUN_2026.09.10_08.44.32\/tmp\/routing\/global.nl.v/} /openlane/designs/riscv_stage2/runs/RUN_2026.09.10_08.44.32/config.tcl"

Thu Sep 10 08:47:52 UTC 2026 - Executing "openroad -exit /openlane/scripts/openroad/sta/multi_corner.tcl |& tee /dev/null /openlane/designs/riscv_stage2/runs/RUN_2026.09.10_08.44.32/logs/routing/21-grt_sta.log"

Thu Sep 10 08:47:55 UTC 2026 - Executing "openroad -exit /openlane/scripts/openroad/fill.tcl |& tee /dev/null /openlane/designs/riscv_stage2/runs/RUN_2026.09.10_08.44.32/logs/routing/22-fill.log"

Thu Sep 10 08:47:57 UTC 2026 - Executing "sed -i.bak -e {s/\(set ::env(CURRENT_NETLIST)\).*/\1 \/openlane\/designs\/riscv_stage2\/runs\/RUN_2026.09.10_08.44.32\/tmp\/routing\/22-fill.nl.v/} /openlane/designs/riscv_stage2/runs/RUN_2026.09.10_08.44.32/config.tcl"

Thu Sep 10 08:47:57 UTC 2026 - Executing "openroad -exit /openlane/scripts/openroad/droute.tcl |& tee /dev/null /openlane/designs/riscv_stage2/runs/RUN_2026.09.10_08.44.32/logs/routing/23-detailed.log"

Thu Sep 10 09:14:48 UTC 2026 - Executing "sed -i.bak -e {s/\(set ::env(CURRENT_NETLIST)\).*/\1 \/openlane\/designs\/riscv_stage2\/runs\/RUN_2026.09.10_08.44.32\/results\/routing\/top.nl.v/} /openlane/designs/riscv_stage2/runs/RUN_2026.09.10_08.44.32/config.tcl"

Thu Sep 10 09:14:48 UTC 2026 - Executing "python3 /openlane/scripts/drc_rosetta.py tr to_klayout -o /openlane/designs/riscv_stage2/runs/RUN_2026.09.10_08.44.32/reports/routing/drt.klayout.xml --design-name top /openlane/designs/riscv_stage2/runs/RUN_2026.09.10_08.44.32/reports/routing/drt.drc"

Thu Sep 10 09:14:48 UTC 2026 - Executing "openroad -exit -no_init -python /openlane/scripts/odbpy/wire_lengths.py --report-out /openlane/designs/riscv_stage2/runs/RUN_2026.09.10_08.44.32/reports/routing/24-wire_lengths.csv --input-lef /openlane/designs/riscv_stage2/runs/RUN_2026.09.10_08.44.32/tmp/merged.nom.lef --output-def /dev/null --output /openlane/designs/riscv_stage2/runs/RUN_2026.09.10_08.44.32/results/routing/top.odb /openlane/designs/riscv_stage2/runs/RUN_2026.09.10_08.44.32/results/routing/top.odb |& tee /dev/null /openlane/designs/riscv_stage2/runs/RUN_2026.09.10_08.44.32/logs/routing/24-wire_lengths.log"

Thu Sep 10 09:14:49 UTC 2026 - Executing "openroad -exit /openlane/scripts/openroad/rcx.tcl |& tee /dev/null /openlane/designs/riscv_stage2/runs/RUN_2026.09.10_08.44.32/logs/signoff/25-parasitics_extraction.min.log"

Thu Sep 10 09:14:57 UTC 2026 - Executing "sta -exit -no_init /openlane/scripts/openroad/sta/multi_corner.tcl |& tee /dev/null /openlane/designs/riscv_stage2/runs/RUN_2026.09.10_08.44.32/logs/signoff/26-rcx_mcsta.min.log"

Thu Sep 10 09:15:19 UTC 2026 - Executing "openroad -exit /openlane/scripts/openroad/rcx.tcl |& tee /dev/null /openlane/designs/riscv_stage2/runs/RUN_2026.09.10_08.44.32/logs/signoff/27-parasitics_extraction.max.log"

Thu Sep 10 09:15:25 UTC 2026 - Executing "sta -exit -no_init /openlane/scripts/openroad/sta/multi_corner.tcl |& tee /dev/null /openlane/designs/riscv_stage2/runs/RUN_2026.09.10_08.44.32/logs/signoff/28-rcx_mcsta.max.log"

Thu Sep 10 09:15:50 UTC 2026 - Executing "openroad -exit /openlane/scripts/openroad/rcx.tcl |& tee /dev/null /openlane/designs/riscv_stage2/runs/RUN_2026.09.10_08.44.32/logs/signoff/29-parasitics_extraction.nom.log"

Thu Sep 10 09:15:56 UTC 2026 - Executing "sta -exit -no_init /openlane/scripts/openroad/sta/multi_corner.tcl |& tee /dev/null /openlane/designs/riscv_stage2/runs/RUN_2026.09.10_08.44.32/logs/signoff/30-rcx_mcsta.nom.log"

Thu Sep 10 09:16:18 UTC 2026 - Executing "sta -exit -no_init /openlane/scripts/openroad/sta/multi_corner.tcl |& tee /dev/null /openlane/designs/riscv_stage2/runs/RUN_2026.09.10_08.44.32/logs/signoff/31-rcx_sta.log"

Thu Sep 10 09:16:28 UTC 2026 - Executing "openroad -exit /openlane/scripts/openroad/irdrop.tcl |& tee /dev/null /openlane/designs/riscv_stage2/runs/RUN_2026.09.10_08.44.32/logs/signoff/32-irdrop.log"

Thu Sep 10 09:16:34 UTC 2026 - Executing "magic -noconsole -dnull -rcfile /home/ahmedizzat207/.ciel/sky130A/libs.tech/magic/sky130A.magicrc < /openlane/scripts/magic/wrapper.tcl |& tee /dev/null /openlane/designs/riscv_stage2/runs/RUN_2026.09.10_08.44.32/logs/signoff/33-gdsii.log"

Thu Sep 10 09:16:45 UTC 2026 - Executing "magic -noconsole -dnull -rcfile /home/ahmedizzat207/.ciel/sky130A/libs.tech/magic/sky130A.magicrc < /openlane/scripts/magic/wrapper.tcl |& tee /dev/null /openlane/designs/riscv_stage2/runs/RUN_2026.09.10_08.44.32/logs/signoff/33-gds_ptrs.log"

Thu Sep 10 09:16:53 UTC 2026 - Executing "sed -i.bak -n {/^<< properties >>/,/^<< end >>/p} /openlane/designs/riscv_stage2/runs/RUN_2026.09.10_08.44.32/tmp/signoff/gds_ptrs.mag"

Thu Sep 10 09:16:54 UTC 2026 - Executing "magic -noconsole -dnull -rcfile /home/ahmedizzat207/.ciel/sky130A/libs.tech/magic/sky130A.magicrc < /openlane/scripts/magic/wrapper.tcl |& tee /dev/null /openlane/designs/riscv_stage2/runs/RUN_2026.09.10_08.44.32/logs/signoff/33-lef.log"

Thu Sep 10 09:17:05 UTC 2026 - Executing "magic -noconsole -dnull -rcfile /home/ahmedizzat207/.ciel/sky130A/libs.tech/magic/sky130A.magicrc < /openlane/scripts/magic/wrapper.tcl |& tee /dev/null /openlane/designs/riscv_stage2/runs/RUN_2026.09.10_08.44.32/logs/signoff/33-maglef.log"

Thu Sep 10 09:17:05 UTC 2026 - Executing "python3 /openlane/scripts/klayout/stream_out.py --output /openlane/designs/riscv_stage2/runs/RUN_2026.09.10_08.44.32/results/signoff/top.klayout.gds --lyt /home/ahmedizzat207/.ciel/sky130A/libs.tech/klayout/tech/sky130A.lyt --lym /home/ahmedizzat207/.ciel/sky130A/libs.tech/klayout/tech/sky130A.map --lyp /home/ahmedizzat207/.ciel/sky130A/libs.tech/klayout/tech/sky130A.lyp --top top --with-gds-file /home/ahmedizzat207/.ciel/sky130A/libs.ref/sky130_fd_sc_hd/gds/sky130_fd_sc_hd.gds --input-lef /openlane/designs/riscv_stage2/runs/RUN_2026.09.10_08.44.32/tmp/merged.nom.lef /openlane/designs/riscv_stage2/runs/RUN_2026.09.10_08.44.32/results/routing/top.def |& tee /dev/null /openlane/designs/riscv_stage2/runs/RUN_2026.09.10_08.44.32/logs/signoff/34-gdsii-klayout.log"

Thu Sep 10 09:17:08 UTC 2026 - Executing "klayout -b -r /openlane/scripts/klayout/xor.drc -rd a=/openlane/designs/riscv_stage2/runs/RUN_2026.09.10_08.44.32/results/signoff/top.gds -rd b=/openlane/designs/riscv_stage2/runs/RUN_2026.09.10_08.44.32/results/signoff/top.klayout.gds -rd jobs=1 -rd rdb_out=/openlane/designs/riscv_stage2/runs/RUN_2026.09.10_08.44.32/reports/signoff/35-xor.xml -rd ignore=81/14 -rd rpt_out=/openlane/designs/riscv_stage2/runs/RUN_2026.09.10_08.44.32/reports/signoff/35-xor.rpt |& tee /dev/null /openlane/designs/riscv_stage2/runs/RUN_2026.09.10_08.44.32/logs/signoff/35-xor.log"

Thu Sep 10 09:17:32 UTC 2026 - Executing "magic -noconsole -dnull -rcfile /home/ahmedizzat207/.ciel/sky130A/libs.tech/magic/sky130A.magicrc < /openlane/scripts/magic/wrapper.tcl |& tee /dev/null /openlane/designs/riscv_stage2/runs/RUN_2026.09.10_08.44.32/logs/signoff/36-spice.log"

Thu Sep 10 09:18:00 UTC 2026 - Executing "openroad -exit -no_init -python /openlane/scripts/odbpy/power_utils.py write_powered_def --output /openlane/designs/riscv_stage2/runs/RUN_2026.09.10_08.44.32/tmp/signoff/36-top.p.def --input-lef /openlane/designs/riscv_stage2/runs/RUN_2026.09.10_08.44.32/tmp/merged.nom.lef --power-port VPWR --ground-port VGND --powered-netlist {} /openlane/designs/riscv_stage2/runs/RUN_2026.09.10_08.44.32/results/routing/top.def |& tee /dev/null /openlane/designs/riscv_stage2/runs/RUN_2026.09.10_08.44.32/logs/signoff/37-write_powered_def.log"

Thu Sep 10 09:18:01 UTC 2026 - Executing "openroad -exit /openlane/scripts/openroad/write_views.tcl |& tee /dev/null /openlane/designs/riscv_stage2/runs/RUN_2026.09.10_08.44.32/logs/signoff/37-write_powered_verilog.log"

Thu Sep 10 09:18:04 UTC 2026 - Executing "sed -i.bak -e {s/\(set ::env(CURRENT_NETLIST)\).*/\1 \/openlane\/designs\/riscv_stage2\/runs\/RUN_2026.09.10_08.44.32\/tmp\/signoff\/36-top.nl.v/} /openlane/designs/riscv_stage2/runs/RUN_2026.09.10_08.44.32/config.tcl"

Thu Sep 10 09:18:04 UTC 2026 - Executing "netgen -batch source /openlane/designs/riscv_stage2/runs/RUN_2026.09.10_08.44.32/tmp/signoff/39-setup_file.lef.lvs |& tee /dev/null /openlane/designs/riscv_stage2/runs/RUN_2026.09.10_08.44.32/logs/signoff/39-lvs.lef.log"

Thu Sep 10 09:18:09 UTC 2026 - Executing "magic -noconsole -dnull -rcfile /home/ahmedizzat207/.ciel/sky130A/libs.tech/magic/sky130A.magicrc < /openlane/scripts/magic/wrapper.tcl |& tee /dev/null /openlane/designs/riscv_stage2/runs/RUN_2026.09.10_08.44.32/logs/signoff/40-drc.log"

Thu Sep 10 09:18:19 UTC 2026 - Executing "python3 /openlane/scripts/drc_rosetta.py magic to_tcl -o /openlane/designs/riscv_stage2/runs/RUN_2026.09.10_08.44.32/reports/signoff/drc.tcl /openlane/designs/riscv_stage2/runs/RUN_2026.09.10_08.44.32/reports/signoff/drc.rpt"

Thu Sep 10 09:18:19 UTC 2026 - Executing "python3 /openlane/scripts/drc_rosetta.py magic to_tr -o /openlane/designs/riscv_stage2/runs/RUN_2026.09.10_08.44.32/reports/signoff/drc.tr /openlane/designs/riscv_stage2/runs/RUN_2026.09.10_08.44.32/reports/signoff/drc.rpt"

Thu Sep 10 09:18:19 UTC 2026 - Executing "python3 /openlane/scripts/drc_rosetta.py tr to_klayout -o /openlane/designs/riscv_stage2/runs/RUN_2026.09.10_08.44.32/reports/signoff/drc.klayout.xml --design-name top /openlane/designs/riscv_stage2/runs/RUN_2026.09.10_08.44.32/reports/signoff/drc.tr"

Thu Sep 10 09:18:19 UTC 2026 - Executing "python3 /openlane/scripts/drc_rosetta.py magic to_rdb -o /openlane/designs/riscv_stage2/runs/RUN_2026.09.10_08.44.32/reports/signoff/drc.rdb /openlane/designs/riscv_stage2/runs/RUN_2026.09.10_08.44.32/reports/signoff/drc.rpt"

Thu Sep 10 09:18:19 UTC 2026 - Executing "openroad -exit /openlane/scripts/openroad/antenna_check.tcl |& tee /dev/null /openlane/designs/riscv_stage2/runs/RUN_2026.09.10_08.44.32/logs/signoff/41-arc.log"

Thu Sep 10 09:18:23 UTC 2026 - Executing "python3 /openlane/scripts/extract_antenna_violators.py --output /openlane/designs/riscv_stage2/runs/RUN_2026.09.10_08.44.32/reports/signoff/41-antenna_violators.rpt --plain-out /openlane/designs/riscv_stage2/runs/RUN_2026.09.10_08.44.32/reports/signoff/41-antenna_violators_pins.txt /openlane/designs/riscv_stage2/runs/RUN_2026.09.10_08.44.32/logs/signoff/41-arc.log"

Thu Sep 10 09:18:23 UTC 2026 - Executing "awk -v vdd=VPWR -v gnd=VGND -f /home/ahmedizzat207/.ciel/sky130A/libs.tech/openlane/cvc/power.awk /openlane/designs/riscv_stage2/runs/RUN_2026.09.10_08.44.32/tmp/signoff/36-top.nl.v > /openlane/designs/riscv_stage2/runs/RUN_2026.09.10_08.44.32/tmp/signoff/top.power"

Thu Sep 10 09:18:23 UTC 2026 - Executing "awk -f /home/ahmedizzat207/.ciel/sky130A/libs.tech/openlane/cvc/cdl.awk /home/ahmedizzat207/.ciel/sky130A/libs.ref/sky130_fd_sc_hd/cdl/sky130_fd_sc_hd.cdl /openlane/designs/riscv_stage2/runs/RUN_2026.09.10_08.44.32/results/signoff/top.lef.spice > /openlane/designs/riscv_stage2/runs/RUN_2026.09.10_08.44.32/tmp/signoff/top.cdl"

Thu Sep 10 09:18:23 UTC 2026 - Executing "cvc_rv /home/ahmedizzat207/.ciel/sky130A/libs.tech/openlane/cvc/cvcrc |& tee /dev/null /openlane/designs/riscv_stage2/runs/RUN_2026.09.10_08.44.32/logs/signoff/42-erc_screen.log"

