OpenROAD 41a51eaf4ca2171c92ff38afb91eb37bbd3f36da 
This program is licensed under the BSD-3 license. See the LICENSE file for details.
Components of this program may be licensed under more restrictive licenses which must be honored.
[INFO]: Reading ODB at '/openlane/designs/riscv_stage2/runs/RUN_2026.09.10_08.44.32/results/placement/top.odb'…
define_corners Slowest Typical Fastest
read_liberty -corner Slowest /openlane/designs/riscv_stage2/runs/RUN_2026.09.10_08.44.32/tmp/cts/cts-slowest.lib
read_liberty -corner Typical /openlane/designs/riscv_stage2/runs/RUN_2026.09.10_08.44.32/tmp/cts/cts.lib
read_liberty -corner Fastest /openlane/designs/riscv_stage2/runs/RUN_2026.09.10_08.44.32/tmp/cts/cts-fastest.lib
Using 1e-12 for capacitance...
Using 1e+03 for resistance...
Using 1e-09 for time...
Using 1e+00 for voltage...
Using 1e-03 for current...
Using 1e-09 for power...
Using 1e-06 for distance...
Reading design constraints file at '/openlane/designs/riscv_stage2/runs/RUN_2026.09.10_08.44.32/tmp/placement/9-resizer.sdc'…
[INFO]: Setting RC values...
[INFO]: Configuring cts characterization...
[INFO]: Performing clock tree synthesis...
[INFO]: Looking for the following net(s): i_clk
[INFO]: Running Clock Tree Synthesis...
[INFO CTS-0049] Characterization buffer is: sky130_fd_sc_hd__clkbuf_8.
[INFO CTS-0038] Number of created patterns = 50000.
[INFO CTS-0038] Number of created patterns = 100000.
[INFO CTS-0039] Number of created patterns = 141984.
[INFO CTS-0084] Compiling LUT.
Min. len    Max. len    Min. cap    Max. cap    Min. slew   Max. slew
2           8           1           35          1           12          
[WARNING CTS-0043] 4896 wires are pure wire and no slew degradation.
TritonCTS forced slew degradation on these wires.
[INFO CTS-0046]     Number of wire segments: 141984.
[INFO CTS-0047]     Number of keys in characterization LUT: 1624.
[INFO CTS-0048]     Actual min input cap: 1.
[INFO CTS-0007] Net "i_clk" found for clock "i_clk".
[INFO CTS-0010]  Clock net "i_clk" has 1554 sinks.
[INFO CTS-0008] TritonCTS found 1 clock nets.
[INFO CTS-0097] Characterization used 2 buffer(s) types.
[INFO CTS-0027] Generating H-Tree topology for net i_clk.
[INFO CTS-0028]  Total number of sinks: 1554.
[INFO CTS-0029]  Sinks will be clustered in groups of up to 25 and with maximum cluster diameter of 50.0 um.
[INFO CTS-0030]  Number of static layers: 0.
[INFO CTS-0020]  Wire segment unit: 13000  dbu (13 um).
[INFO CTS-0019]  Total number of sinks after clustering: 188.
[INFO CTS-0024]  Normalized sink region: [(1.09203, 1.55063), (37.1171, 36.77)].
[INFO CTS-0025]     Width:  36.0251.
[INFO CTS-0026]     Height: 35.2194.
 Level 1
    Direction: Horizontal
    Sinks per sub-region: 94
    Sub-region size: 18.0125 X 35.2194
[INFO CTS-0034]     Segment length (rounded): 10.
    Key: 4140 inSlew: 1 inCap: 2 outSlew: 2 load: 1 length: 8 delay: 1
    Key: 36 inSlew: 1 inCap: 1 outSlew: 2 load: 1 length: 2 delay: 1
 Level 2
    Direction: Vertical
    Sinks per sub-region: 47
    Sub-region size: 18.0125 X 17.6097
[INFO CTS-0034]     Segment length (rounded): 8.
    Key: 4143 inSlew: 2 inCap: 2 outSlew: 3 load: 1 length: 8 delay: 1
 Level 3
    Direction: Horizontal
    Sinks per sub-region: 24
    Sub-region size: 9.0063 X 17.6097
[INFO CTS-0034]     Segment length (rounded): 4.
    Key: 74 inSlew: 3 inCap: 1 outSlew: 1 load: 1 length: 4 delay: 9
      location: 0.5 buffer: sky130_fd_sc_hd__clkbuf_8
 Level 4
    Direction: Vertical
    Sinks per sub-region: 12
    Sub-region size: 9.0063 X 8.8048
[INFO CTS-0034]     Segment length (rounded): 4.
    Key: 246 inSlew: 1 inCap: 1 outSlew: 2 load: 1 length: 4 delay: 1
 Out of 20 sinks, 1 sinks closer to other cluster.
[INFO CTS-0032]  Stop criterion found. Max number of sinks is 15.
[INFO CTS-0035]  Number of sinks covered: 188.
[INFO CTS-0018]     Created 211 clock buffers.
[INFO CTS-0012]     Minimum number of buffers in the clock path: 3.
[INFO CTS-0013]     Maximum number of buffers in the clock path: 4.
[INFO CTS-0015]     Created 211 clock nets.
[INFO CTS-0016]     Fanout distribution for the current clock = 2:10, 3:7, 4:8, 5:12, 6:16, 7:19, 8:30, 9:17, 10:21, 11:22, 12:12, 13:13, 14:7, 15:6, 16:2..
[INFO CTS-0017]     Max level of the clock tree: 4.
[INFO CTS-0098] Clock net "i_clk"
[INFO CTS-0099]  Sinks 1554
[INFO CTS-0100]  Leaf buffers 186
[INFO CTS-0101]  Average sink wire length 734.66 um
[INFO CTS-0102]  Path depth 3 - 4
[INFO]: Repairing long wires on clock nets...
[INFO RSZ-0058] Using max wire length 4508um.
Setting global connections for newly added cells…
Writing OpenROAD database to '/openlane/designs/riscv_stage2/runs/RUN_2026.09.10_08.44.32/results/cts/top.odb'…
Writing layout to '/openlane/designs/riscv_stage2/runs/RUN_2026.09.10_08.44.32/results/cts/top.def'…
Writing timing constraints to '/openlane/designs/riscv_stage2/runs/RUN_2026.09.10_08.44.32/results/cts/top.sdc'…
[INFO]: Legalizing...
Placement Analysis
---------------------------------
total displacement       2091.5 u
average displacement        0.1 u
max displacement            8.7 u
original HPWL          370694.5 u
legalized HPWL         377480.3 u
delta HPWL                    2 %

[INFO DPL-0020] Mirrored 3541 instances
[INFO DPL-0021] HPWL before          377480.3 u
[INFO DPL-0022] HPWL after           371941.4 u
[INFO DPL-0023] HPWL delta               -1.5 %
Setting global connections for newly added cells…
Writing OpenROAD database to '/openlane/designs/riscv_stage2/runs/RUN_2026.09.10_08.44.32/results/cts/top.odb'…
Writing layout to '/openlane/designs/riscv_stage2/runs/RUN_2026.09.10_08.44.32/results/cts/top.def'…
Writing timing constraints to '/openlane/designs/riscv_stage2/runs/RUN_2026.09.10_08.44.32/results/cts/top.sdc'…
cts_report
[INFO CTS-0003] Total number of Clock Roots: 1.
[INFO CTS-0004] Total number of Buffers Inserted: 211.
[INFO CTS-0005] Total number of Clock Subnets: 211.
[INFO CTS-0006] Total number of Sinks: 1554.
cts_report_end
