OpenROAD 41a51eaf4ca2171c92ff38afb91eb37bbd3f36da 
This program is licensed under the BSD-3 license. See the LICENSE file for details.
Components of this program may be licensed under more restrictive licenses which must be honored.
[INFO]: Reading ODB at '/openlane/designs/riscv_stage2/runs/RUN_2026.09.10_08.44.32/results/cts/top.odb'…
define_corners Slowest Typical Fastest
read_liberty -corner Slowest /home/ahmedizzat207/.ciel/sky130A/libs.ref/sky130_fd_sc_hd/lib/sky130_fd_sc_hd__ss_100C_1v60.lib
read_liberty -corner Typical /home/ahmedizzat207/.ciel/sky130A/libs.ref/sky130_fd_sc_hd/lib/sky130_fd_sc_hd__tt_025C_1v80.lib
read_liberty -corner Fastest /home/ahmedizzat207/.ciel/sky130A/libs.ref/sky130_fd_sc_hd/lib/sky130_fd_sc_hd__ff_n40C_1v95.lib
Using 1e-12 for capacitance...
Using 1e+03 for resistance...
Using 1e-09 for time...
Using 1e+00 for voltage...
Using 1e-03 for current...
Using 1e-09 for power...
Using 1e-06 for distance...
Reading design constraints file at '/openlane/designs/riscv_stage2/runs/RUN_2026.09.10_08.44.32/results/cts/top.sdc'…
[INFO]: Setting RC values...
[INFO RSZ-0046] Found 430 endpoints with hold violations.
[INFO RSZ-0032] Inserted 455 hold buffers.
Placement Analysis
---------------------------------
total displacement       3004.2 u
average displacement        0.2 u
max displacement           12.4 u
original HPWL          374441.2 u
legalized HPWL         382804.5 u
delta HPWL                    2 %

[INFO DPL-0020] Mirrored 3908 instances
[INFO DPL-0021] HPWL before          382804.5 u
[INFO DPL-0022] HPWL after           376436.9 u
[INFO DPL-0023] HPWL delta               -1.7 %
Setting global connections for newly added cells…
Writing OpenROAD database to '/openlane/designs/riscv_stage2/runs/RUN_2026.09.10_08.44.32/tmp/cts/14-top.resized.odb'…
Writing netlist to '/openlane/designs/riscv_stage2/runs/RUN_2026.09.10_08.44.32/tmp/cts/14-top.resized.nl.v'…
Writing powered netlist to '/openlane/designs/riscv_stage2/runs/RUN_2026.09.10_08.44.32/tmp/cts/14-top.resized.pnl.v'…
Writing layout to '/openlane/designs/riscv_stage2/runs/RUN_2026.09.10_08.44.32/tmp/cts/14-top.resized.def'…
Writing timing constraints to '/openlane/designs/riscv_stage2/runs/RUN_2026.09.10_08.44.32/tmp/cts/14-top.resized.sdc'…
area_report

===========================================================================
report_design_area
============================================================================
Design area 121249 u^2 52% utilization.
area_report_end
