
===========================================================================
 report_power
============================================================================
======================= Fastest Corner ===================================

Group                  Internal  Switching    Leakage      Total
                          Power      Power      Power      Power (Watts)
----------------------------------------------------------------
Sequential             1.89e-03   8.06e-04   6.51e-06   2.70e-03  11.6%
Combinational          8.61e-03   1.19e-02   1.03e-07   2.05e-02  88.4%
Macro                  0.00e+00   0.00e+00   0.00e+00   0.00e+00   0.0%
Pad                    0.00e+00   0.00e+00   0.00e+00   0.00e+00   0.0%
----------------------------------------------------------------
Total                  1.05e-02   1.27e-02   6.61e-06   2.32e-02 100.0%
                          45.2%      54.8%       0.0%

======================= Slowest Corner ===================================

Group                  Internal  Switching    Leakage      Total
                          Power      Power      Power      Power (Watts)
----------------------------------------------------------------
Sequential             1.27e-03   5.35e-04   2.88e-05   1.83e-03  11.9%
Combinational          5.54e-03   7.97e-03   5.14e-05   1.36e-02  88.1%
Macro                  0.00e+00   0.00e+00   0.00e+00   0.00e+00   0.0%
Pad                    0.00e+00   0.00e+00   0.00e+00   0.00e+00   0.0%
----------------------------------------------------------------
Total                  6.81e-03   8.50e-03   8.03e-05   1.54e-02 100.0%
                          44.2%      55.3%       0.5%

======================= Typical Corner ===================================

Group                  Internal  Switching    Leakage      Total
                          Power      Power      Power      Power (Watts)
----------------------------------------------------------------
Sequential             1.63e-03   6.81e-04   6.50e-06   2.32e-03  11.6%
Combinational          7.64e-03   1.01e-02   5.47e-08   1.78e-02  88.4%
Macro                  0.00e+00   0.00e+00   0.00e+00   0.00e+00   0.0%
Pad                    0.00e+00   0.00e+00   0.00e+00   0.00e+00   0.0%
----------------------------------------------------------------
Total                  9.27e-03   1.08e-02   6.56e-06   2.01e-02 100.0%
                          46.2%      53.8%       0.0%

