
===========================================================================
 report_power
============================================================================
======================= Fastest Corner ===================================

Group                  Internal  Switching    Leakage      Total
                          Power      Power      Power      Power (Watts)
----------------------------------------------------------------
Sequential             1.90e-03   7.11e-04   6.51e-06   2.62e-03  11.9%
Combinational          8.60e-03   1.09e-02   1.03e-07   1.94e-02  88.1%
Macro                  0.00e+00   0.00e+00   0.00e+00   0.00e+00   0.0%
Pad                    0.00e+00   0.00e+00   0.00e+00   0.00e+00   0.0%
----------------------------------------------------------------
Total                  1.05e-02   1.16e-02   6.61e-06   2.21e-02 100.0%
                          47.6%      52.4%       0.0%

======================= Slowest Corner ===================================

Group                  Internal  Switching    Leakage      Total
                          Power      Power      Power      Power (Watts)
----------------------------------------------------------------
Sequential             1.28e-03   4.71e-04   2.88e-05   1.78e-03  12.2%
Combinational          5.53e-03   7.25e-03   5.14e-05   1.28e-02  87.8%
Macro                  0.00e+00   0.00e+00   0.00e+00   0.00e+00   0.0%
Pad                    0.00e+00   0.00e+00   0.00e+00   0.00e+00   0.0%
----------------------------------------------------------------
Total                  6.81e-03   7.72e-03   8.03e-05   1.46e-02 100.0%
                          46.6%      52.8%       0.5%

======================= Typical Corner ===================================

Group                  Internal  Switching    Leakage      Total
                          Power      Power      Power      Power (Watts)
----------------------------------------------------------------
Sequential             1.64e-03   6.00e-04   6.50e-06   2.25e-03  11.8%
Combinational          7.64e-03   9.21e-03   5.47e-08   1.69e-02  88.2%
Macro                  0.00e+00   0.00e+00   0.00e+00   0.00e+00   0.0%
Pad                    0.00e+00   0.00e+00   0.00e+00   0.00e+00   0.0%
----------------------------------------------------------------
Total                  9.28e-03   9.81e-03   6.56e-06   1.91e-02 100.0%
                          48.6%      51.4%       0.0%

