
===========================================================================
report_checks -unconstrained
===========================================================================
======================= Fastest Corner ===================================

Startpoint: i_rst (input port clocked by i_clk)
Endpoint: _18575_ (recovery check against rising-edge clock i_clk)
Path Group: asynchronous
Path Type: max
Corner: Fastest

Fanout     Cap    Slew   Delay    Time   Description
-----------------------------------------------------------------------------
                          0.00    0.00   clock i_clk (rise edge)
                          0.00    0.00   clock network delay (propagated)
                         10.00   10.00 v input external delay
                  0.01    0.00   10.00 v i_rst (in)
     1    0.00                           i_rst (net)
                  0.01    0.00   10.00 v input1/A (sky130_fd_sc_hd__buf_1)
                  0.03    0.06   10.07 v input1/X (sky130_fd_sc_hd__buf_1)
     1    0.01                           net1 (net)
                  0.03    0.00   10.07 v _15923_/A (sky130_fd_sc_hd__buf_8)
                  0.09    0.14   10.20 v _15923_/X (sky130_fd_sc_hd__buf_8)
    10    0.16                           _03733_ (net)
                  0.09    0.01   10.21 v _15926_/A (sky130_fd_sc_hd__buf_4)
                  0.07    0.17   10.38 v _15926_/X (sky130_fd_sc_hd__buf_4)
    10    0.07                           _03735_ (net)
                  0.07    0.01   10.39 v _16427_/A (sky130_fd_sc_hd__clkbuf_8)
                  0.08    0.17   10.56 v _16427_/X (sky130_fd_sc_hd__clkbuf_8)
    10    0.10                           _03786_ (net)
                  0.08    0.00   10.56 v _16439_/A (sky130_fd_sc_hd__buf_4)
                  0.06    0.16   10.72 v _16439_/X (sky130_fd_sc_hd__buf_4)
    10    0.06                           _03788_ (net)
                  0.06    0.00   10.72 v _16449_/A (sky130_fd_sc_hd__inv_2)
                  0.17    0.16   10.87 ^ _16449_/Y (sky130_fd_sc_hd__inv_2)
     1    0.05                           _00470_ (net)
                  0.17    0.00   10.87 ^ _18575_/RESET_B (sky130_fd_sc_hd__dfrtp_1)
                                 10.87   data arrival time

                         50.00   50.00   clock i_clk (rise edge)
                          0.00   50.00   clock source latency
                  0.24    0.16   50.16 ^ i_clk (in)
     2    0.07                           i_clk (net)
                  0.24    0.00   50.16 ^ clkbuf_0_i_clk/A (sky130_fd_sc_hd__clkbuf_16)
                  0.14    0.20   50.36 ^ clkbuf_0_i_clk/X (sky130_fd_sc_hd__clkbuf_16)
     8    0.17                           clknet_0_i_clk (net)
                  0.14    0.00   50.36 ^ clkbuf_3_4_0_i_clk/A (sky130_fd_sc_hd__clkbuf_8)
                  0.06    0.13   50.49 ^ clkbuf_3_4_0_i_clk/X (sky130_fd_sc_hd__clkbuf_8)
     2    0.04                           clknet_3_4_0_i_clk (net)
                  0.06    0.00   50.49 ^ clkbuf_4_8__f_i_clk/A (sky130_fd_sc_hd__clkbuf_16)
                  0.11    0.15   50.63 ^ clkbuf_4_8__f_i_clk/X (sky130_fd_sc_hd__clkbuf_16)
    10    0.13                           clknet_4_8__leaf_i_clk (net)
                  0.11    0.00   50.63 ^ clkbuf_leaf_153_i_clk/A (sky130_fd_sc_hd__clkbuf_16)
                  0.04    0.11   50.75 ^ clkbuf_leaf_153_i_clk/X (sky130_fd_sc_hd__clkbuf_16)
    11    0.04                           clknet_leaf_153_i_clk (net)
                  0.04    0.00   50.75 ^ _18575_/CLK (sky130_fd_sc_hd__dfrtp_1)
                         -0.25   50.50   clock uncertainty
                          0.00   50.50   clock reconvergence pessimism
                          0.12   50.62   library recovery time
                                 50.62   data required time
-----------------------------------------------------------------------------
                                 50.62   data required time
                                -10.87   data arrival time
-----------------------------------------------------------------------------
                                 39.74   slack (MET)


Startpoint: _19239_ (rising edge-triggered flip-flop clocked by i_clk)
Endpoint: o_exeout[1] (output port clocked by i_clk)
Path Group: i_clk
Path Type: max
Corner: Fastest

Fanout     Cap    Slew   Delay    Time   Description
-----------------------------------------------------------------------------
                          0.00    0.00   clock i_clk (rise edge)
                          0.00    0.00   clock source latency
                  0.24    0.18    0.18 ^ i_clk (in)
     2    0.07                           i_clk (net)
                  0.24    0.00    0.18 ^ clkbuf_0_i_clk/A (sky130_fd_sc_hd__clkbuf_16)
                  0.14    0.22    0.40 ^ clkbuf_0_i_clk/X (sky130_fd_sc_hd__clkbuf_16)
     8    0.17                           clknet_0_i_clk (net)
                  0.14    0.00    0.40 ^ clkbuf_3_6_0_i_clk/A (sky130_fd_sc_hd__clkbuf_8)
                  0.06    0.14    0.54 ^ clkbuf_3_6_0_i_clk/X (sky130_fd_sc_hd__clkbuf_8)
     2    0.04                           clknet_3_6_0_i_clk (net)
                  0.06    0.00    0.54 ^ clkbuf_4_12__f_i_clk/A (sky130_fd_sc_hd__clkbuf_16)
                  0.14    0.19    0.72 ^ clkbuf_4_12__f_i_clk/X (sky130_fd_sc_hd__clkbuf_16)
    12    0.18                           clknet_4_12__leaf_i_clk (net)
                  0.14    0.00    0.72 ^ clkbuf_leaf_115_i_clk/A (sky130_fd_sc_hd__clkbuf_16)
                  0.04    0.12    0.85 ^ clkbuf_leaf_115_i_clk/X (sky130_fd_sc_hd__clkbuf_16)
     7    0.03                           clknet_leaf_115_i_clk (net)
                  0.04    0.00    0.85 ^ _19239_/CLK (sky130_fd_sc_hd__dfrtp_4)
                  0.35    0.51    1.35 ^ _19239_/Q (sky130_fd_sc_hd__dfrtp_4)
    12    0.17                           net45 (net)
                  0.35    0.01    1.37 ^ output45/A (sky130_fd_sc_hd__clkbuf_4)
                  0.09    0.19    1.56 ^ output45/X (sky130_fd_sc_hd__clkbuf_4)
     1    0.03                           o_exeout[1] (net)
                  0.09    0.00    1.56 ^ o_exeout[1] (out)
                                  1.56   data arrival time

                         50.00   50.00   clock i_clk (rise edge)
                          0.00   50.00   clock network delay (propagated)
                         -0.25   49.75   clock uncertainty
                          0.00   49.75   clock reconvergence pessimism
                        -10.00   39.75   output external delay
                                 39.75   data required time
-----------------------------------------------------------------------------
                                 39.75   data required time
                                 -1.56   data arrival time
-----------------------------------------------------------------------------
                                 38.19   slack (MET)



======================= Slowest Corner ===================================

Startpoint: i_rst (input port clocked by i_clk)
Endpoint: _18575_ (recovery check against rising-edge clock i_clk)
Path Group: asynchronous
Path Type: max
Corner: Slowest

Fanout     Cap    Slew   Delay    Time   Description
-----------------------------------------------------------------------------
                          0.00    0.00   clock i_clk (rise edge)
                          0.00    0.00   clock network delay (propagated)
                         10.00   10.00 v input external delay
                  0.02    0.01   10.01 v i_rst (in)
     1    0.00                           i_rst (net)
                  0.02    0.00   10.01 v input1/A (sky130_fd_sc_hd__buf_1)
                  0.09    0.18   10.19 v input1/X (sky130_fd_sc_hd__buf_1)
     1    0.01                           net1 (net)
                  0.09    0.00   10.19 v _15923_/A (sky130_fd_sc_hd__buf_8)
                  0.20    0.37   10.57 v _15923_/X (sky130_fd_sc_hd__buf_8)
    10    0.16                           _03733_ (net)
                  0.20    0.01   10.57 v _15926_/A (sky130_fd_sc_hd__buf_4)
                  0.18    0.45   11.02 v _15926_/X (sky130_fd_sc_hd__buf_4)
    10    0.07                           _03735_ (net)
                  0.18    0.01   11.03 v _16427_/A (sky130_fd_sc_hd__clkbuf_8)
                  0.20    0.45   11.48 v _16427_/X (sky130_fd_sc_hd__clkbuf_8)
    10    0.10                           _03786_ (net)
                  0.20    0.00   11.48 v _16439_/A (sky130_fd_sc_hd__buf_4)
                  0.15    0.43   11.91 v _16439_/X (sky130_fd_sc_hd__buf_4)
    10    0.06                           _03788_ (net)
                  0.15    0.00   11.91 v _16449_/A (sky130_fd_sc_hd__inv_2)
                  0.35    0.35   12.25 ^ _16449_/Y (sky130_fd_sc_hd__inv_2)
     1    0.05                           _00470_ (net)
                  0.35    0.00   12.26 ^ _18575_/RESET_B (sky130_fd_sc_hd__dfrtp_1)
                                 12.26   data arrival time

                         50.00   50.00   clock i_clk (rise edge)
                          0.00   50.00   clock source latency
                  0.51    0.34   50.34 ^ i_clk (in)
     2    0.07                           i_clk (net)
                  0.51    0.00   50.34 ^ clkbuf_0_i_clk/A (sky130_fd_sc_hd__clkbuf_16)
                  0.28    0.55   50.89 ^ clkbuf_0_i_clk/X (sky130_fd_sc_hd__clkbuf_16)
     8    0.17                           clknet_0_i_clk (net)
                  0.28    0.00   50.89 ^ clkbuf_3_4_0_i_clk/A (sky130_fd_sc_hd__clkbuf_8)
                  0.13    0.35   51.25 ^ clkbuf_3_4_0_i_clk/X (sky130_fd_sc_hd__clkbuf_8)
     2    0.04                           clknet_3_4_0_i_clk (net)
                  0.13    0.00   51.25 ^ clkbuf_4_8__f_i_clk/A (sky130_fd_sc_hd__clkbuf_16)
                  0.22    0.35   51.60 ^ clkbuf_4_8__f_i_clk/X (sky130_fd_sc_hd__clkbuf_16)
    10    0.13                           clknet_4_8__leaf_i_clk (net)
                  0.22    0.00   51.60 ^ clkbuf_leaf_153_i_clk/A (sky130_fd_sc_hd__clkbuf_16)
                  0.09    0.30   51.89 ^ clkbuf_leaf_153_i_clk/X (sky130_fd_sc_hd__clkbuf_16)
    11    0.04                           clknet_leaf_153_i_clk (net)
                  0.09    0.00   51.90 ^ _18575_/CLK (sky130_fd_sc_hd__dfrtp_1)
                         -0.25   51.65   clock uncertainty
                          0.00   51.65   clock reconvergence pessimism
                          0.36   52.01   library recovery time
                                 52.01   data required time
-----------------------------------------------------------------------------
                                 52.01   data required time
                                -12.26   data arrival time
-----------------------------------------------------------------------------
                                 39.75   slack (MET)


Startpoint: _19287_ (rising edge-triggered flip-flop clocked by i_clk)
Endpoint: _19237_ (rising edge-triggered flip-flop clocked by i_clk)
Path Group: i_clk
Path Type: max
Corner: Slowest

Fanout     Cap    Slew   Delay    Time   Description
-----------------------------------------------------------------------------
                          0.00    0.00   clock i_clk (rise edge)
                          0.00    0.00   clock source latency
                  0.51    0.37    0.37 ^ i_clk (in)
     2    0.07                           i_clk (net)
                  0.51    0.00    0.37 ^ clkbuf_0_i_clk/A (sky130_fd_sc_hd__clkbuf_16)
                  0.28    0.61    0.98 ^ clkbuf_0_i_clk/X (sky130_fd_sc_hd__clkbuf_16)
     8    0.17                           clknet_0_i_clk (net)
                  0.28    0.00    0.99 ^ clkbuf_3_7_0_i_clk/A (sky130_fd_sc_hd__clkbuf_8)
                  0.11    0.38    1.36 ^ clkbuf_3_7_0_i_clk/X (sky130_fd_sc_hd__clkbuf_8)
     2    0.03                           clknet_3_7_0_i_clk (net)
                  0.11    0.00    1.37 ^ clkbuf_4_14__f_i_clk/A (sky130_fd_sc_hd__clkbuf_16)
                  0.20    0.37    1.74 ^ clkbuf_4_14__f_i_clk/X (sky130_fd_sc_hd__clkbuf_16)
     9    0.12                           clknet_4_14__leaf_i_clk (net)
                  0.20    0.00    1.74 ^ clkbuf_leaf_107_i_clk/A (sky130_fd_sc_hd__clkbuf_16)
                  0.08    0.31    2.05 ^ clkbuf_leaf_107_i_clk/X (sky130_fd_sc_hd__clkbuf_16)
    10    0.03                           clknet_leaf_107_i_clk (net)
                  0.08    0.00    2.05 ^ _19287_/CLK (sky130_fd_sc_hd__dfrtp_4)
                  0.16    1.12    3.18 v _19287_/Q (sky130_fd_sc_hd__dfrtp_4)
     7    0.02                           blkProj14999_7.blkProj14991_42.blk3979_4.accum[1] (net)
                  0.16    0.00    3.18 v _12725_/C (sky130_fd_sc_hd__or4_2)
                  0.28    1.67    4.85 v _12725_/X (sky130_fd_sc_hd__or4_2)
     4    0.01                           _07860_ (net)
                  0.28    0.00    4.85 v _12726_/D (sky130_fd_sc_hd__or4_2)
                  0.27    1.55    6.40 v _12726_/X (sky130_fd_sc_hd__or4_2)
     4    0.01                           _07861_ (net)
                  0.27    0.00    6.40 v _12727_/D (sky130_fd_sc_hd__or4_2)
                  0.27    1.54    7.94 v _12727_/X (sky130_fd_sc_hd__or4_2)
     4    0.01                           _07862_ (net)
                  0.27    0.00    7.94 v _12728_/D (sky130_fd_sc_hd__or4_2)
                  0.27    1.55    9.49 v _12728_/X (sky130_fd_sc_hd__or4_2)
     4    0.01                           _07863_ (net)
                  0.27    0.00    9.49 v _12729_/D (sky130_fd_sc_hd__or4_2)
                  0.27    1.55   11.04 v _12729_/X (sky130_fd_sc_hd__or4_2)
     4    0.01                           _07864_ (net)
                  0.27    0.00   11.04 v _12730_/D (sky130_fd_sc_hd__or4_2)
                  0.29    1.57   12.61 v _12730_/X (sky130_fd_sc_hd__or4_2)
     4    0.01                           _07865_ (net)
                  0.29    0.00   12.61 v _12731_/D (sky130_fd_sc_hd__or4_2)
                  0.33    1.65   14.26 v _12731_/X (sky130_fd_sc_hd__or4_2)
     5    0.02                           _07866_ (net)
                  0.33    0.00   14.26 v _12732_/D (sky130_fd_sc_hd__nor4_1)
                  0.52    0.51   14.77 ^ _12732_/Y (sky130_fd_sc_hd__nor4_1)
     2    0.00                           _07867_ (net)
                  0.52    0.00   14.77 ^ max_cap76/A (sky130_fd_sc_hd__buf_1)
                  0.15    0.37   15.14 ^ max_cap76/X (sky130_fd_sc_hd__buf_1)
     2    0.01                           net76 (net)
                  0.15    0.00   15.14 ^ max_cap75/A (sky130_fd_sc_hd__clkbuf_1)
                  0.10    0.22   15.36 ^ max_cap75/X (sky130_fd_sc_hd__clkbuf_1)
     2    0.00                           net75 (net)
                  0.10    0.00   15.36 ^ _12733_/D_N (sky130_fd_sc_hd__or4b_4)
                  0.21    1.08   16.44 v _12733_/X (sky130_fd_sc_hd__or4b_4)
     5    0.02                           _07868_ (net)
                  0.21    0.00   16.44 v _12738_/C (sky130_fd_sc_hd__or4_2)
                  0.28    1.69   18.13 v _12738_/X (sky130_fd_sc_hd__or4_2)
     4    0.01                           _07873_ (net)
                  0.28    0.00   18.13 v _12739_/D (sky130_fd_sc_hd__or4_2)
                  0.27    1.55   19.68 v _12739_/X (sky130_fd_sc_hd__or4_2)
     4    0.01                           _07874_ (net)
                  0.27    0.00   19.68 v _12740_/D (sky130_fd_sc_hd__or4_2)
                  0.27    1.54   21.22 v _12740_/X (sky130_fd_sc_hd__or4_2)
     4    0.01                           _07875_ (net)
                  0.27    0.00   21.22 v _12741_/D (sky130_fd_sc_hd__or4_2)
                  0.27    1.53   22.75 v _12741_/X (sky130_fd_sc_hd__or4_2)
     4    0.01                           _07876_ (net)
                  0.27    0.00   22.75 v _12742_/D (sky130_fd_sc_hd__or4_2)
                  0.27    1.53   24.28 v _12742_/X (sky130_fd_sc_hd__or4_2)
     4    0.01                           _07877_ (net)
                  0.27    0.00   24.28 v _12743_/C (sky130_fd_sc_hd__or3_1)
                  0.19    0.90   25.18 v _12743_/X (sky130_fd_sc_hd__or3_1)
     3    0.01                           _07878_ (net)
                  0.19    0.00   25.18 v _12744_/C (sky130_fd_sc_hd__or3_2)
                  0.23    1.18   26.36 v _12744_/X (sky130_fd_sc_hd__or3_2)
     4    0.01                           _07879_ (net)
                  0.23    0.00   26.36 v _12745_/D (sky130_fd_sc_hd__or4_1)
                  0.21    1.11   27.47 v _12745_/X (sky130_fd_sc_hd__or4_1)
     2    0.01                           _07880_ (net)
                  0.21    0.00   27.47 v _12746_/B (sky130_fd_sc_hd__or2_1)
                  0.14    0.60   28.07 v _12746_/X (sky130_fd_sc_hd__or2_1)
     3    0.01                           _07881_ (net)
                  0.14    0.00   28.07 v _12747_/C (sky130_fd_sc_hd__or3_1)
                  0.23    0.92   28.99 v _12747_/X (sky130_fd_sc_hd__or3_1)
     4    0.01                           _07882_ (net)
                  0.23    0.00   28.99 v _12748_/D (sky130_fd_sc_hd__or4_1)
                  0.22    1.12   30.11 v _12748_/X (sky130_fd_sc_hd__or4_1)
     2    0.01                           _07883_ (net)
                  0.22    0.00   30.11 v _12749_/B (sky130_fd_sc_hd__or2_1)
                  0.12    0.58   30.69 v _12749_/X (sky130_fd_sc_hd__or2_1)
     2    0.01                           _07884_ (net)
                  0.12    0.00   30.69 v _12750_/B (sky130_fd_sc_hd__or2_1)
                  0.12    0.53   31.22 v _12750_/X (sky130_fd_sc_hd__or2_1)
     2    0.01                           _07885_ (net)
                  0.12    0.00   31.22 v _12751_/B (sky130_fd_sc_hd__or2_1)
                  0.13    0.54   31.76 v _12751_/X (sky130_fd_sc_hd__or2_1)
     2    0.01                           _07886_ (net)
                  0.13    0.00   31.76 v _12752_/B (sky130_fd_sc_hd__or2_1)
                  0.12    0.54   32.30 v _12752_/X (sky130_fd_sc_hd__or2_1)
     2    0.01                           _07887_ (net)
                  0.12    0.00   32.30 v _12754_/A2 (sky130_fd_sc_hd__o21a_1)
                  0.12    0.40   32.70 v _12754_/X (sky130_fd_sc_hd__o21a_1)
     3    0.01                           _07889_ (net)
                  0.12    0.00   32.70 v _12755_/B1 (sky130_fd_sc_hd__a21oi_1)
                  0.26    0.28   32.98 ^ _12755_/Y (sky130_fd_sc_hd__a21oi_1)
     1    0.01                           _07890_ (net)
                  0.26    0.00   32.98 ^ _12756_/B (sky130_fd_sc_hd__xnor2_1)
                  0.09    0.18   33.17 v _12756_/Y (sky130_fd_sc_hd__xnor2_1)
     1    0.00                           _07891_ (net)
                  0.09    0.00   33.17 v _12759_/A1 (sky130_fd_sc_hd__mux2_1)
                  0.12    0.70   33.87 v _12759_/X (sky130_fd_sc_hd__mux2_1)
     1    0.00                           _07894_ (net)
                  0.12    0.00   33.87 v _12763_/A1 (sky130_fd_sc_hd__mux2_1)
                  0.12    0.71   34.58 v _12763_/X (sky130_fd_sc_hd__mux2_1)
     1    0.00                           _07898_ (net)
                  0.12    0.00   34.58 v _12764_/A (sky130_fd_sc_hd__clkbuf_1)
                  0.06    0.20   34.78 v _12764_/X (sky130_fd_sc_hd__clkbuf_1)
     1    0.00                           _02494_ (net)
                  0.06    0.00   34.78 v _19237_/D (sky130_fd_sc_hd__dfrtp_1)
                                 34.78   data arrival time

                         50.00   50.00   clock i_clk (rise edge)
                          0.00   50.00   clock source latency
                  0.51    0.34   50.34 ^ i_clk (in)
     2    0.07                           i_clk (net)
                  0.51    0.00   50.34 ^ clkbuf_0_i_clk/A (sky130_fd_sc_hd__clkbuf_16)
                  0.28    0.55   50.89 ^ clkbuf_0_i_clk/X (sky130_fd_sc_hd__clkbuf_16)
     8    0.17                           clknet_0_i_clk (net)
                  0.28    0.00   50.89 ^ clkbuf_3_6_0_i_clk/A (sky130_fd_sc_hd__clkbuf_8)
                  0.12    0.35   51.24 ^ clkbuf_3_6_0_i_clk/X (sky130_fd_sc_hd__clkbuf_8)
     2    0.03                           clknet_3_6_0_i_clk (net)
                  0.12    0.00   51.24 ^ clkbuf_4_13__f_i_clk/A (sky130_fd_sc_hd__clkbuf_16)
                  0.27    0.39   51.62 ^ clkbuf_4_13__f_i_clk/X (sky130_fd_sc_hd__clkbuf_16)
    13    0.16                           clknet_4_13__leaf_i_clk (net)
                  0.27    0.00   51.63 ^ clkbuf_leaf_83_i_clk/A (sky130_fd_sc_hd__clkbuf_16)
                  0.07    0.30   51.93 ^ clkbuf_leaf_83_i_clk/X (sky130_fd_sc_hd__clkbuf_16)
     8    0.03                           clknet_leaf_83_i_clk (net)
                  0.07    0.00   51.93 ^ _19237_/CLK (sky130_fd_sc_hd__dfrtp_1)
                         -0.25   51.68   clock uncertainty
                          0.09   51.77   clock reconvergence pessimism
                         -0.27   51.50   library setup time
                                 51.50   data required time
-----------------------------------------------------------------------------
                                 51.50   data required time
                                -34.78   data arrival time
-----------------------------------------------------------------------------
                                 16.72   slack (MET)



======================= Typical Corner ===================================

Startpoint: i_rst (input port clocked by i_clk)
Endpoint: _18575_ (recovery check against rising-edge clock i_clk)
Path Group: asynchronous
Path Type: max
Corner: Typical

Fanout     Cap    Slew   Delay    Time   Description
-----------------------------------------------------------------------------
                          0.00    0.00   clock i_clk (rise edge)
                          0.00    0.00   clock network delay (propagated)
                         10.00   10.00 v input external delay
                  0.01    0.01   10.01 v i_rst (in)
     1    0.00                           i_rst (net)
                  0.01    0.00   10.01 v input1/A (sky130_fd_sc_hd__buf_1)
                  0.05    0.10   10.10 v input1/X (sky130_fd_sc_hd__buf_1)
     1    0.01                           net1 (net)
                  0.05    0.00   10.10 v _15923_/A (sky130_fd_sc_hd__buf_8)
                  0.12    0.20   10.31 v _15923_/X (sky130_fd_sc_hd__buf_8)
    10    0.16                           _03733_ (net)
                  0.12    0.01   10.31 v _15926_/A (sky130_fd_sc_hd__buf_4)
                  0.10    0.25   10.56 v _15926_/X (sky130_fd_sc_hd__buf_4)
    10    0.07                           _03735_ (net)
                  0.10    0.01   10.57 v _16427_/A (sky130_fd_sc_hd__clkbuf_8)
                  0.11    0.25   10.82 v _16427_/X (sky130_fd_sc_hd__clkbuf_8)
    10    0.10                           _03786_ (net)
                  0.11    0.00   10.82 v _16439_/A (sky130_fd_sc_hd__buf_4)
                  0.08    0.23   11.05 v _16439_/X (sky130_fd_sc_hd__buf_4)
    10    0.06                           _03788_ (net)
                  0.08    0.00   11.05 v _16449_/A (sky130_fd_sc_hd__inv_2)
                  0.22    0.21   11.26 ^ _16449_/Y (sky130_fd_sc_hd__inv_2)
     1    0.05                           _00470_ (net)
                  0.22    0.00   11.27 ^ _18575_/RESET_B (sky130_fd_sc_hd__dfrtp_1)
                                 11.27   data arrival time

                         50.00   50.00   clock i_clk (rise edge)
                          0.00   50.00   clock source latency
                  0.32    0.21   50.21 ^ i_clk (in)
     2    0.07                           i_clk (net)
                  0.32    0.00   50.21 ^ clkbuf_0_i_clk/A (sky130_fd_sc_hd__clkbuf_16)
                  0.19    0.31   50.52 ^ clkbuf_0_i_clk/X (sky130_fd_sc_hd__clkbuf_16)
     8    0.17                           clknet_0_i_clk (net)
                  0.19    0.00   50.52 ^ clkbuf_3_4_0_i_clk/A (sky130_fd_sc_hd__clkbuf_8)
                  0.08    0.19   50.71 ^ clkbuf_3_4_0_i_clk/X (sky130_fd_sc_hd__clkbuf_8)
     2    0.04                           clknet_3_4_0_i_clk (net)
                  0.08    0.00   50.71 ^ clkbuf_4_8__f_i_clk/A (sky130_fd_sc_hd__clkbuf_16)
                  0.14    0.21   50.92 ^ clkbuf_4_8__f_i_clk/X (sky130_fd_sc_hd__clkbuf_16)
    10    0.13                           clknet_4_8__leaf_i_clk (net)
                  0.14    0.00   50.92 ^ clkbuf_leaf_153_i_clk/A (sky130_fd_sc_hd__clkbuf_16)
                  0.06    0.16   51.09 ^ clkbuf_leaf_153_i_clk/X (sky130_fd_sc_hd__clkbuf_16)
    11    0.04                           clknet_leaf_153_i_clk (net)
                  0.06    0.00   51.09 ^ _18575_/CLK (sky130_fd_sc_hd__dfrtp_1)
                         -0.25   50.84   clock uncertainty
                          0.00   50.84   clock reconvergence pessimism
                          0.19   51.03   library recovery time
                                 51.03   data required time
-----------------------------------------------------------------------------
                                 51.03   data required time
                                -11.27   data arrival time
-----------------------------------------------------------------------------
                                 39.76   slack (MET)


Startpoint: _19287_ (rising edge-triggered flip-flop clocked by i_clk)
Endpoint: _19237_ (rising edge-triggered flip-flop clocked by i_clk)
Path Group: i_clk
Path Type: max
Corner: Typical

Fanout     Cap    Slew   Delay    Time   Description
-----------------------------------------------------------------------------
                          0.00    0.00   clock i_clk (rise edge)
                          0.00    0.00   clock source latency
                  0.32    0.23    0.23 ^ i_clk (in)
     2    0.07                           i_clk (net)
                  0.32    0.00    0.23 ^ clkbuf_0_i_clk/A (sky130_fd_sc_hd__clkbuf_16)
                  0.19    0.34    0.57 ^ clkbuf_0_i_clk/X (sky130_fd_sc_hd__clkbuf_16)
     8    0.17                           clknet_0_i_clk (net)
                  0.19    0.00    0.57 ^ clkbuf_3_7_0_i_clk/A (sky130_fd_sc_hd__clkbuf_8)
                  0.07    0.21    0.78 ^ clkbuf_3_7_0_i_clk/X (sky130_fd_sc_hd__clkbuf_8)
     2    0.03                           clknet_3_7_0_i_clk (net)
                  0.07    0.00    0.78 ^ clkbuf_4_14__f_i_clk/A (sky130_fd_sc_hd__clkbuf_16)
                  0.13    0.22    1.00 ^ clkbuf_4_14__f_i_clk/X (sky130_fd_sc_hd__clkbuf_16)
     9    0.12                           clknet_4_14__leaf_i_clk (net)
                  0.13    0.00    1.00 ^ clkbuf_leaf_107_i_clk/A (sky130_fd_sc_hd__clkbuf_16)
                  0.05    0.18    1.18 ^ clkbuf_leaf_107_i_clk/X (sky130_fd_sc_hd__clkbuf_16)
    10    0.03                           clknet_leaf_107_i_clk (net)
                  0.05    0.00    1.18 ^ _19287_/CLK (sky130_fd_sc_hd__dfrtp_4)
                  0.08    0.53    1.71 v _19287_/Q (sky130_fd_sc_hd__dfrtp_4)
     7    0.02                           blkProj14999_7.blkProj14991_42.blk3979_4.accum[1] (net)
                  0.08    0.00    1.71 v _12725_/C (sky130_fd_sc_hd__or4_2)
                  0.13    0.70    2.42 v _12725_/X (sky130_fd_sc_hd__or4_2)
     4    0.01                           _07860_ (net)
                  0.13    0.00    2.42 v _12726_/D (sky130_fd_sc_hd__or4_2)
                  0.13    0.64    3.06 v _12726_/X (sky130_fd_sc_hd__or4_2)
     4    0.01                           _07861_ (net)
                  0.13    0.00    3.06 v _12727_/D (sky130_fd_sc_hd__or4_2)
                  0.13    0.64    3.70 v _12727_/X (sky130_fd_sc_hd__or4_2)
     4    0.01                           _07862_ (net)
                  0.13    0.00    3.70 v _12728_/D (sky130_fd_sc_hd__or4_2)
                  0.13    0.64    4.34 v _12728_/X (sky130_fd_sc_hd__or4_2)
     4    0.01                           _07863_ (net)
                  0.13    0.00    4.34 v _12729_/D (sky130_fd_sc_hd__or4_2)
                  0.13    0.64    4.98 v _12729_/X (sky130_fd_sc_hd__or4_2)
     4    0.01                           _07864_ (net)
                  0.13    0.00    4.98 v _12730_/D (sky130_fd_sc_hd__or4_2)
                  0.14    0.65    5.64 v _12730_/X (sky130_fd_sc_hd__or4_2)
     4    0.01                           _07865_ (net)
                  0.14    0.00    5.64 v _12731_/D (sky130_fd_sc_hd__or4_2)
                  0.15    0.68    6.32 v _12731_/X (sky130_fd_sc_hd__or4_2)
     5    0.02                           _07866_ (net)
                  0.15    0.00    6.32 v _12732_/D (sky130_fd_sc_hd__nor4_1)
                  0.30    0.27    6.59 ^ _12732_/Y (sky130_fd_sc_hd__nor4_1)
     2    0.01                           _07867_ (net)
                  0.30    0.00    6.59 ^ max_cap76/A (sky130_fd_sc_hd__buf_1)
                  0.10    0.17    6.76 ^ max_cap76/X (sky130_fd_sc_hd__buf_1)
     2    0.01                           net76 (net)
                  0.10    0.00    6.76 ^ max_cap75/A (sky130_fd_sc_hd__clkbuf_1)
                  0.06    0.11    6.88 ^ max_cap75/X (sky130_fd_sc_hd__clkbuf_1)
     2    0.00                           net75 (net)
                  0.06    0.00    6.88 ^ _12733_/D_N (sky130_fd_sc_hd__or4b_4)
                  0.11    0.53    7.41 v _12733_/X (sky130_fd_sc_hd__or4b_4)
     5    0.02                           _07868_ (net)
                  0.11    0.00    7.41 v _12738_/C (sky130_fd_sc_hd__or4_2)
                  0.13    0.71    8.13 v _12738_/X (sky130_fd_sc_hd__or4_2)
     4    0.01                           _07873_ (net)
                  0.13    0.00    8.13 v _12739_/D (sky130_fd_sc_hd__or4_2)
                  0.13    0.64    8.77 v _12739_/X (sky130_fd_sc_hd__or4_2)
     4    0.01                           _07874_ (net)
                  0.13    0.00    8.77 v _12740_/D (sky130_fd_sc_hd__or4_2)
                  0.13    0.64    9.40 v _12740_/X (sky130_fd_sc_hd__or4_2)
     4    0.01                           _07875_ (net)
                  0.13    0.00    9.41 v _12741_/D (sky130_fd_sc_hd__or4_2)
                  0.13    0.63   10.04 v _12741_/X (sky130_fd_sc_hd__or4_2)
     4    0.01                           _07876_ (net)
                  0.13    0.00   10.04 v _12742_/D (sky130_fd_sc_hd__or4_2)
                  0.13    0.63   10.67 v _12742_/X (sky130_fd_sc_hd__or4_2)
     4    0.01                           _07877_ (net)
                  0.13    0.00   10.67 v _12743_/C (sky130_fd_sc_hd__or3_1)
                  0.09    0.38   11.05 v _12743_/X (sky130_fd_sc_hd__or3_1)
     3    0.01                           _07878_ (net)
                  0.09    0.00   11.05 v _12744_/C (sky130_fd_sc_hd__or3_2)
                  0.11    0.50   11.55 v _12744_/X (sky130_fd_sc_hd__or3_2)
     4    0.01                           _07879_ (net)
                  0.11    0.00   11.55 v _12745_/D (sky130_fd_sc_hd__or4_1)
                  0.10    0.46   12.01 v _12745_/X (sky130_fd_sc_hd__or4_1)
     2    0.01                           _07880_ (net)
                  0.10    0.00   12.01 v _12746_/B (sky130_fd_sc_hd__or2_1)
                  0.07    0.27   12.28 v _12746_/X (sky130_fd_sc_hd__or2_1)
     3    0.01                           _07881_ (net)
                  0.07    0.00   12.28 v _12747_/C (sky130_fd_sc_hd__or3_1)
                  0.11    0.39   12.67 v _12747_/X (sky130_fd_sc_hd__or3_1)
     4    0.01                           _07882_ (net)
                  0.11    0.00   12.67 v _12748_/D (sky130_fd_sc_hd__or4_1)
                  0.10    0.46   13.13 v _12748_/X (sky130_fd_sc_hd__or4_1)
     2    0.01                           _07883_ (net)
                  0.10    0.00   13.13 v _12749_/B (sky130_fd_sc_hd__or2_1)
                  0.06    0.25   13.38 v _12749_/X (sky130_fd_sc_hd__or2_1)
     2    0.01                           _07884_ (net)
                  0.06    0.00   13.38 v _12750_/B (sky130_fd_sc_hd__or2_1)
                  0.06    0.23   13.62 v _12750_/X (sky130_fd_sc_hd__or2_1)
     2    0.01                           _07885_ (net)
                  0.06    0.00   13.62 v _12751_/B (sky130_fd_sc_hd__or2_1)
                  0.06    0.24   13.85 v _12751_/X (sky130_fd_sc_hd__or2_1)
     2    0.01                           _07886_ (net)
                  0.06    0.00   13.85 v _12752_/B (sky130_fd_sc_hd__or2_1)
                  0.06    0.24   14.09 v _12752_/X (sky130_fd_sc_hd__or2_1)
     2    0.01                           _07887_ (net)
                  0.06    0.00   14.09 v _12754_/A2 (sky130_fd_sc_hd__o21a_1)
                  0.06    0.21   14.30 v _12754_/X (sky130_fd_sc_hd__o21a_1)
     3    0.01                           _07889_ (net)
                  0.06    0.00   14.30 v _12755_/B1 (sky130_fd_sc_hd__a21oi_1)
                  0.16    0.17   14.47 ^ _12755_/Y (sky130_fd_sc_hd__a21oi_1)
     1    0.01                           _07890_ (net)
                  0.16    0.00   14.47 ^ _12756_/B (sky130_fd_sc_hd__xnor2_1)
                  0.05    0.08   14.55 v _12756_/Y (sky130_fd_sc_hd__xnor2_1)
     1    0.00                           _07891_ (net)
                  0.05    0.00   14.55 v _12759_/A1 (sky130_fd_sc_hd__mux2_1)
                  0.06    0.31   14.86 v _12759_/X (sky130_fd_sc_hd__mux2_1)
     1    0.00                           _07894_ (net)
                  0.06    0.00   14.86 v _12763_/A1 (sky130_fd_sc_hd__mux2_1)
                  0.06    0.31   15.17 v _12763_/X (sky130_fd_sc_hd__mux2_1)
     1    0.00                           _07898_ (net)
                  0.06    0.00   15.17 v _12764_/A (sky130_fd_sc_hd__clkbuf_1)
                  0.03    0.10   15.27 v _12764_/X (sky130_fd_sc_hd__clkbuf_1)
     1    0.00                           _02494_ (net)
                  0.03    0.00   15.27 v _19237_/D (sky130_fd_sc_hd__dfrtp_1)
                                 15.27   data arrival time

                         50.00   50.00   clock i_clk (rise edge)
                          0.00   50.00   clock source latency
                  0.32    0.21   50.21 ^ i_clk (in)
     2    0.07                           i_clk (net)
                  0.32    0.00   50.21 ^ clkbuf_0_i_clk/A (sky130_fd_sc_hd__clkbuf_16)
                  0.19    0.31   50.52 ^ clkbuf_0_i_clk/X (sky130_fd_sc_hd__clkbuf_16)
     8    0.17                           clknet_0_i_clk (net)
                  0.19    0.00   50.52 ^ clkbuf_3_6_0_i_clk/A (sky130_fd_sc_hd__clkbuf_8)
                  0.08    0.19   50.71 ^ clkbuf_3_6_0_i_clk/X (sky130_fd_sc_hd__clkbuf_8)
     2    0.03                           clknet_3_6_0_i_clk (net)
                  0.08    0.00   50.71 ^ clkbuf_4_13__f_i_clk/A (sky130_fd_sc_hd__clkbuf_16)
                  0.18    0.23   50.94 ^ clkbuf_4_13__f_i_clk/X (sky130_fd_sc_hd__clkbuf_16)
    13    0.16                           clknet_4_13__leaf_i_clk (net)
                  0.18    0.00   50.94 ^ clkbuf_leaf_83_i_clk/A (sky130_fd_sc_hd__clkbuf_16)
                  0.05    0.17   51.10 ^ clkbuf_leaf_83_i_clk/X (sky130_fd_sc_hd__clkbuf_16)
     8    0.03                           clknet_leaf_83_i_clk (net)
                  0.05    0.00   51.10 ^ _19237_/CLK (sky130_fd_sc_hd__dfrtp_1)
                         -0.25   50.85   clock uncertainty
                          0.05   50.91   clock reconvergence pessimism
                         -0.11   50.80   library setup time
                                 50.80   data required time
-----------------------------------------------------------------------------
                                 50.80   data required time
                                -15.27   data arrival time
-----------------------------------------------------------------------------
                                 35.53   slack (MET)




===========================================================================
report_checks --slack_max -0.01
============================================================================
======================= Fastest Corner ===================================

No paths found.

======================= Slowest Corner ===================================

No paths found.

======================= Typical Corner ===================================

No paths found.


===========================================================================
 report_check_types -max_slew -max_cap -max_fanout -violators
============================================================================
======================= Fastest Corner ===================================

max fanout

Pin                                   Limit Fanout  Slack
---------------------------------------------------------
clkbuf_leaf_62_i_clk/X                   10     16     -6 (VIOLATED)
clkbuf_leaf_81_i_clk/X                   10     16     -6 (VIOLATED)
clkbuf_4_0__f_i_clk/X                    10     15     -5 (VIOLATED)
clkbuf_4_2__f_i_clk/X                    10     15     -5 (VIOLATED)
clkbuf_4_7__f_i_clk/X                    10     15     -5 (VIOLATED)
clkbuf_leaf_120_i_clk/X                  10     15     -5 (VIOLATED)
clkbuf_leaf_84_i_clk/X                   10     15     -5 (VIOLATED)
clkbuf_leaf_95_i_clk/X                   10     15     -5 (VIOLATED)
_16982_/X                                10     14     -4 (VIOLATED)
clkbuf_leaf_0_i_clk/X                    10     14     -4 (VIOLATED)
clkbuf_leaf_171_i_clk/X                  10     14     -4 (VIOLATED)
clkbuf_leaf_20_i_clk/X                   10     14     -4 (VIOLATED)
clkbuf_leaf_23_i_clk/X                   10     14     -4 (VIOLATED)
clkbuf_leaf_59_i_clk/X                   10     14     -4 (VIOLATED)
clkbuf_leaf_60_i_clk/X                   10     14     -4 (VIOLATED)
clkbuf_leaf_9_i_clk/X                    10     14     -4 (VIOLATED)
clkbuf_4_13__f_i_clk/X                   10     13     -3 (VIOLATED)
clkbuf_4_3__f_i_clk/X                    10     13     -3 (VIOLATED)
clkbuf_leaf_132_i_clk/X                  10     13     -3 (VIOLATED)
clkbuf_leaf_158_i_clk/X                  10     13     -3 (VIOLATED)
clkbuf_leaf_183_i_clk/X                  10     13     -3 (VIOLATED)
clkbuf_leaf_33_i_clk/X                   10     13     -3 (VIOLATED)
clkbuf_leaf_55_i_clk/X                   10     13     -3 (VIOLATED)
clkbuf_leaf_64_i_clk/X                   10     13     -3 (VIOLATED)
clkbuf_leaf_65_i_clk/X                   10     13     -3 (VIOLATED)
clkbuf_leaf_67_i_clk/X                   10     13     -3 (VIOLATED)
clkbuf_leaf_69_i_clk/X                   10     13     -3 (VIOLATED)
clkbuf_leaf_73_i_clk/X                   10     13     -3 (VIOLATED)
clkbuf_leaf_86_i_clk/X                   10     13     -3 (VIOLATED)
_19239_/Q                                10     12     -2 (VIOLATED)
clkbuf_4_10__f_i_clk/X                   10     12     -2 (VIOLATED)
clkbuf_4_12__f_i_clk/X                   10     12     -2 (VIOLATED)
clkbuf_4_15__f_i_clk/X                   10     12     -2 (VIOLATED)
clkbuf_leaf_138_i_clk/X                  10     12     -2 (VIOLATED)
clkbuf_leaf_13_i_clk/X                   10     12     -2 (VIOLATED)
clkbuf_leaf_143_i_clk/X                  10     12     -2 (VIOLATED)
clkbuf_leaf_149_i_clk/X                  10     12     -2 (VIOLATED)
clkbuf_leaf_164_i_clk/X                  10     12     -2 (VIOLATED)
clkbuf_leaf_168_i_clk/X                  10     12     -2 (VIOLATED)
clkbuf_leaf_49_i_clk/X                   10     12     -2 (VIOLATED)
clkbuf_leaf_51_i_clk/X                   10     12     -2 (VIOLATED)
clkbuf_leaf_74_i_clk/X                   10     12     -2 (VIOLATED)
_09188_/X                                10     11        (VIOLATED)
_09292_/X                                10     11        (VIOLATED)
_14583_/X                                10     11        (VIOLATED)
_14712_/X                                10     11        (VIOLATED)
_14715_/X                                10     11        (VIOLATED)
_19515_/Q                                10     11        (VIOLATED)
clkbuf_4_1__f_i_clk/X                    10     11        (VIOLATED)
clkbuf_4_4__f_i_clk/X                    10     11        (VIOLATED)
clkbuf_4_5__f_i_clk/X                    10     11        (VIOLATED)
clkbuf_4_6__f_i_clk/X                    10     11        (VIOLATED)
clkbuf_leaf_126_i_clk/X                  10     11        (VIOLATED)
clkbuf_leaf_130_i_clk/X                  10     11        (VIOLATED)
clkbuf_leaf_136_i_clk/X                  10     11        (VIOLATED)
clkbuf_leaf_141_i_clk/X                  10     11        (VIOLATED)
clkbuf_leaf_145_i_clk/X                  10     11        (VIOLATED)
clkbuf_leaf_153_i_clk/X                  10     11        (VIOLATED)
clkbuf_leaf_155_i_clk/X                  10     11        (VIOLATED)
clkbuf_leaf_184_i_clk/X                  10     11        (VIOLATED)
clkbuf_leaf_18_i_clk/X                   10     11        (VIOLATED)
clkbuf_leaf_39_i_clk/X                   10     11        (VIOLATED)
clkbuf_leaf_43_i_clk/X                   10     11        (VIOLATED)
clkbuf_leaf_45_i_clk/X                   10     11        (VIOLATED)
clkbuf_leaf_52_i_clk/X                   10     11        (VIOLATED)
clkbuf_leaf_5_i_clk/X                    10     11        (VIOLATED)
clkbuf_leaf_68_i_clk/X                   10     11        (VIOLATED)
clkbuf_leaf_75_i_clk/X                   10     11        (VIOLATED)
clkbuf_leaf_85_i_clk/X                   10     11        (VIOLATED)
clkbuf_leaf_91_i_clk/X                   10     11        (VIOLATED)


======================= Slowest Corner ===================================

max slew

Pin                                    Limit    Slew   Slack
------------------------------------------------------------
_14129_/A                               0.75    0.94   -0.19 (VIOLATED)
_14150_/A                               0.75    0.94   -0.19 (VIOLATED)
_14171_/A                               0.75    0.94   -0.19 (VIOLATED)
_14194_/S                               0.75    0.94   -0.19 (VIOLATED)
_14192_/S                               0.75    0.94   -0.19 (VIOLATED)
_14128_/Y                               0.75    0.94   -0.19 (VIOLATED)
_10283_/A                               0.75    0.91   -0.16 (VIOLATED)
_10748_/A2                              0.75    0.91   -0.16 (VIOLATED)
_15612_/B                               0.75    0.91   -0.16 (VIOLATED)
_10279_/Y                               0.75    0.91   -0.16 (VIOLATED)
_11722_/B1                              0.75    0.88   -0.13 (VIOLATED)
_11721_/X                               0.75    0.88   -0.13 (VIOLATED)
_10197_/A_N                             0.75    0.86   -0.11 (VIOLATED)
_10513_/B1                              0.75    0.86   -0.11 (VIOLATED)
_11423_/A1                              0.75    0.86   -0.11 (VIOLATED)
_10514_/A                               0.75    0.86   -0.11 (VIOLATED)
_10604_/A                               0.75    0.86   -0.11 (VIOLATED)
_10193_/Y                               0.75    0.86   -0.11 (VIOLATED)
_10660_/A                               0.75    0.81   -0.06 (VIOLATED)
_10758_/A                               0.75    0.81   -0.06 (VIOLATED)
_10995_/S                               0.75    0.81   -0.06 (VIOLATED)
_10731_/A                               0.75    0.81   -0.06 (VIOLATED)
_10814_/A                               0.75    0.81   -0.06 (VIOLATED)
_11325_/A                               0.75    0.81   -0.06 (VIOLATED)
_11326_/A                               0.75    0.81   -0.06 (VIOLATED)
_11379_/B2                              0.75    0.81   -0.06 (VIOLATED)
_10351_/A                               0.75    0.81   -0.06 (VIOLATED)
_10159_/B                               0.75    0.81   -0.06 (VIOLATED)
_10148_/Y                               0.75    0.81   -0.06 (VIOLATED)
_17690_/B                               0.75    0.78   -0.03 (VIOLATED)
_17738_/A                               0.75    0.78   -0.03 (VIOLATED)
_17723_/A                               0.75    0.78   -0.03 (VIOLATED)
_17772_/B                               0.75    0.78   -0.03 (VIOLATED)
_17689_/Y                               0.75    0.78   -0.03 (VIOLATED)
_15680_/A                               0.75    0.77   -0.02 (VIOLATED)
_15846_/B1                              0.75    0.77   -0.02 (VIOLATED)
_15754_/A2                              0.75    0.77   -0.02 (VIOLATED)
_15618_/B                               0.75    0.77   -0.02 (VIOLATED)
_15647_/B                               0.75    0.77   -0.02 (VIOLATED)
_15617_/Y                               0.75    0.77   -0.02 (VIOLATED)
_11393_/A1                              0.75    0.77   -0.02 (VIOLATED)
_11201_/A1_N                            0.75    0.77   -0.02 (VIOLATED)
_11208_/A                               0.75    0.77   -0.02 (VIOLATED)
_10161_/A                               0.75    0.77   -0.02 (VIOLATED)
_13358_/A                               0.75    0.77   -0.02 (VIOLATED)
_10326_/A0                              0.75    0.77   -0.02 (VIOLATED)
_10324_/A                               0.75    0.77   -0.02 (VIOLATED)
_15760_/A                               0.75    0.77   -0.02 (VIOLATED)
_10129_/Y                               0.75    0.77   -0.02 (VIOLATED)
_17504_/A                               0.75    0.75   -0.00 (VIOLATED)
_17529_/A                               0.75    0.75   -0.00 (VIOLATED)
_17553_/A                               0.75    0.75   -0.00 (VIOLATED)
_17577_/A2                              0.75    0.75   -0.00 (VIOLATED)
_17432_/B                               0.75    0.75   -0.00 (VIOLATED)
_17280_/B_N                             0.75    0.75   -0.00 (VIOLATED)
_17233_/B                               0.75    0.75   -0.00 (VIOLATED)
_17575_/A2                              0.75    0.75   -0.00 (VIOLATED)
_17232_/Y                               0.75    0.75   -0.00 (VIOLATED)

max fanout

Pin                                   Limit Fanout  Slack
---------------------------------------------------------
clkbuf_leaf_62_i_clk/X                   10     16     -6 (VIOLATED)
clkbuf_leaf_81_i_clk/X                   10     16     -6 (VIOLATED)
clkbuf_4_0__f_i_clk/X                    10     15     -5 (VIOLATED)
clkbuf_4_2__f_i_clk/X                    10     15     -5 (VIOLATED)
clkbuf_4_7__f_i_clk/X                    10     15     -5 (VIOLATED)
clkbuf_leaf_120_i_clk/X                  10     15     -5 (VIOLATED)
clkbuf_leaf_84_i_clk/X                   10     15     -5 (VIOLATED)
clkbuf_leaf_95_i_clk/X                   10     15     -5 (VIOLATED)
_16982_/X                                10     14     -4 (VIOLATED)
clkbuf_leaf_0_i_clk/X                    10     14     -4 (VIOLATED)
clkbuf_leaf_171_i_clk/X                  10     14     -4 (VIOLATED)
clkbuf_leaf_20_i_clk/X                   10     14     -4 (VIOLATED)
clkbuf_leaf_23_i_clk/X                   10     14     -4 (VIOLATED)
clkbuf_leaf_59_i_clk/X                   10     14     -4 (VIOLATED)
clkbuf_leaf_60_i_clk/X                   10     14     -4 (VIOLATED)
clkbuf_leaf_9_i_clk/X                    10     14     -4 (VIOLATED)
clkbuf_4_13__f_i_clk/X                   10     13     -3 (VIOLATED)
clkbuf_4_3__f_i_clk/X                    10     13     -3 (VIOLATED)
clkbuf_leaf_132_i_clk/X                  10     13     -3 (VIOLATED)
clkbuf_leaf_158_i_clk/X                  10     13     -3 (VIOLATED)
clkbuf_leaf_183_i_clk/X                  10     13     -3 (VIOLATED)
clkbuf_leaf_33_i_clk/X                   10     13     -3 (VIOLATED)
clkbuf_leaf_55_i_clk/X                   10     13     -3 (VIOLATED)
clkbuf_leaf_64_i_clk/X                   10     13     -3 (VIOLATED)
clkbuf_leaf_65_i_clk/X                   10     13     -3 (VIOLATED)
clkbuf_leaf_67_i_clk/X                   10     13     -3 (VIOLATED)
clkbuf_leaf_69_i_clk/X                   10     13     -3 (VIOLATED)
clkbuf_leaf_73_i_clk/X                   10     13     -3 (VIOLATED)
clkbuf_leaf_86_i_clk/X                   10     13     -3 (VIOLATED)
_19239_/Q                                10     12     -2 (VIOLATED)
clkbuf_4_10__f_i_clk/X                   10     12     -2 (VIOLATED)
clkbuf_4_12__f_i_clk/X                   10     12     -2 (VIOLATED)
clkbuf_4_15__f_i_clk/X                   10     12     -2 (VIOLATED)
clkbuf_leaf_138_i_clk/X                  10     12     -2 (VIOLATED)
clkbuf_leaf_13_i_clk/X                   10     12     -2 (VIOLATED)
clkbuf_leaf_143_i_clk/X                  10     12     -2 (VIOLATED)
clkbuf_leaf_149_i_clk/X                  10     12     -2 (VIOLATED)
clkbuf_leaf_164_i_clk/X                  10     12     -2 (VIOLATED)
clkbuf_leaf_168_i_clk/X                  10     12     -2 (VIOLATED)
clkbuf_leaf_49_i_clk/X                   10     12     -2 (VIOLATED)
clkbuf_leaf_51_i_clk/X                   10     12     -2 (VIOLATED)
clkbuf_leaf_74_i_clk/X                   10     12     -2 (VIOLATED)
_09188_/X                                10     11        (VIOLATED)
_09292_/X                                10     11        (VIOLATED)
_14583_/X                                10     11        (VIOLATED)
_14712_/X                                10     11        (VIOLATED)
_14715_/X                                10     11        (VIOLATED)
_19515_/Q                                10     11        (VIOLATED)
clkbuf_4_1__f_i_clk/X                    10     11        (VIOLATED)
clkbuf_4_4__f_i_clk/X                    10     11        (VIOLATED)
clkbuf_4_5__f_i_clk/X                    10     11        (VIOLATED)
clkbuf_4_6__f_i_clk/X                    10     11        (VIOLATED)
clkbuf_leaf_126_i_clk/X                  10     11        (VIOLATED)
clkbuf_leaf_130_i_clk/X                  10     11        (VIOLATED)
clkbuf_leaf_136_i_clk/X                  10     11        (VIOLATED)
clkbuf_leaf_141_i_clk/X                  10     11        (VIOLATED)
clkbuf_leaf_145_i_clk/X                  10     11        (VIOLATED)
clkbuf_leaf_153_i_clk/X                  10     11        (VIOLATED)
clkbuf_leaf_155_i_clk/X                  10     11        (VIOLATED)
clkbuf_leaf_184_i_clk/X                  10     11        (VIOLATED)
clkbuf_leaf_18_i_clk/X                   10     11        (VIOLATED)
clkbuf_leaf_39_i_clk/X                   10     11        (VIOLATED)
clkbuf_leaf_43_i_clk/X                   10     11        (VIOLATED)
clkbuf_leaf_45_i_clk/X                   10     11        (VIOLATED)
clkbuf_leaf_52_i_clk/X                   10     11        (VIOLATED)
clkbuf_leaf_5_i_clk/X                    10     11        (VIOLATED)
clkbuf_leaf_68_i_clk/X                   10     11        (VIOLATED)
clkbuf_leaf_75_i_clk/X                   10     11        (VIOLATED)
clkbuf_leaf_85_i_clk/X                   10     11        (VIOLATED)
clkbuf_leaf_91_i_clk/X                   10     11        (VIOLATED)


======================= Typical Corner ===================================

max fanout

Pin                                   Limit Fanout  Slack
---------------------------------------------------------
clkbuf_leaf_62_i_clk/X                   10     16     -6 (VIOLATED)
clkbuf_leaf_81_i_clk/X                   10     16     -6 (VIOLATED)
clkbuf_4_0__f_i_clk/X                    10     15     -5 (VIOLATED)
clkbuf_4_2__f_i_clk/X                    10     15     -5 (VIOLATED)
clkbuf_4_7__f_i_clk/X                    10     15     -5 (VIOLATED)
clkbuf_leaf_120_i_clk/X                  10     15     -5 (VIOLATED)
clkbuf_leaf_84_i_clk/X                   10     15     -5 (VIOLATED)
clkbuf_leaf_95_i_clk/X                   10     15     -5 (VIOLATED)
_16982_/X                                10     14     -4 (VIOLATED)
clkbuf_leaf_0_i_clk/X                    10     14     -4 (VIOLATED)
clkbuf_leaf_171_i_clk/X                  10     14     -4 (VIOLATED)
clkbuf_leaf_20_i_clk/X                   10     14     -4 (VIOLATED)
clkbuf_leaf_23_i_clk/X                   10     14     -4 (VIOLATED)
clkbuf_leaf_59_i_clk/X                   10     14     -4 (VIOLATED)
clkbuf_leaf_60_i_clk/X                   10     14     -4 (VIOLATED)
clkbuf_leaf_9_i_clk/X                    10     14     -4 (VIOLATED)
clkbuf_4_13__f_i_clk/X                   10     13     -3 (VIOLATED)
clkbuf_4_3__f_i_clk/X                    10     13     -3 (VIOLATED)
clkbuf_leaf_132_i_clk/X                  10     13     -3 (VIOLATED)
clkbuf_leaf_158_i_clk/X                  10     13     -3 (VIOLATED)
clkbuf_leaf_183_i_clk/X                  10     13     -3 (VIOLATED)
clkbuf_leaf_33_i_clk/X                   10     13     -3 (VIOLATED)
clkbuf_leaf_55_i_clk/X                   10     13     -3 (VIOLATED)
clkbuf_leaf_64_i_clk/X                   10     13     -3 (VIOLATED)
clkbuf_leaf_65_i_clk/X                   10     13     -3 (VIOLATED)
clkbuf_leaf_67_i_clk/X                   10     13     -3 (VIOLATED)
clkbuf_leaf_69_i_clk/X                   10     13     -3 (VIOLATED)
clkbuf_leaf_73_i_clk/X                   10     13     -3 (VIOLATED)
clkbuf_leaf_86_i_clk/X                   10     13     -3 (VIOLATED)
_19239_/Q                                10     12     -2 (VIOLATED)
clkbuf_4_10__f_i_clk/X                   10     12     -2 (VIOLATED)
clkbuf_4_12__f_i_clk/X                   10     12     -2 (VIOLATED)
clkbuf_4_15__f_i_clk/X                   10     12     -2 (VIOLATED)
clkbuf_leaf_138_i_clk/X                  10     12     -2 (VIOLATED)
clkbuf_leaf_13_i_clk/X                   10     12     -2 (VIOLATED)
clkbuf_leaf_143_i_clk/X                  10     12     -2 (VIOLATED)
clkbuf_leaf_149_i_clk/X                  10     12     -2 (VIOLATED)
clkbuf_leaf_164_i_clk/X                  10     12     -2 (VIOLATED)
clkbuf_leaf_168_i_clk/X                  10     12     -2 (VIOLATED)
clkbuf_leaf_49_i_clk/X                   10     12     -2 (VIOLATED)
clkbuf_leaf_51_i_clk/X                   10     12     -2 (VIOLATED)
clkbuf_leaf_74_i_clk/X                   10     12     -2 (VIOLATED)
_09188_/X                                10     11        (VIOLATED)
_09292_/X                                10     11        (VIOLATED)
_14583_/X                                10     11        (VIOLATED)
_14712_/X                                10     11        (VIOLATED)
_14715_/X                                10     11        (VIOLATED)
_19515_/Q                                10     11        (VIOLATED)
clkbuf_4_1__f_i_clk/X                    10     11        (VIOLATED)
clkbuf_4_4__f_i_clk/X                    10     11        (VIOLATED)
clkbuf_4_5__f_i_clk/X                    10     11        (VIOLATED)
clkbuf_4_6__f_i_clk/X                    10     11        (VIOLATED)
clkbuf_leaf_126_i_clk/X                  10     11        (VIOLATED)
clkbuf_leaf_130_i_clk/X                  10     11        (VIOLATED)
clkbuf_leaf_136_i_clk/X                  10     11        (VIOLATED)
clkbuf_leaf_141_i_clk/X                  10     11        (VIOLATED)
clkbuf_leaf_145_i_clk/X                  10     11        (VIOLATED)
clkbuf_leaf_153_i_clk/X                  10     11        (VIOLATED)
clkbuf_leaf_155_i_clk/X                  10     11        (VIOLATED)
clkbuf_leaf_184_i_clk/X                  10     11        (VIOLATED)
clkbuf_leaf_18_i_clk/X                   10     11        (VIOLATED)
clkbuf_leaf_39_i_clk/X                   10     11        (VIOLATED)
clkbuf_leaf_43_i_clk/X                   10     11        (VIOLATED)
clkbuf_leaf_45_i_clk/X                   10     11        (VIOLATED)
clkbuf_leaf_52_i_clk/X                   10     11        (VIOLATED)
clkbuf_leaf_5_i_clk/X                    10     11        (VIOLATED)
clkbuf_leaf_68_i_clk/X                   10     11        (VIOLATED)
clkbuf_leaf_75_i_clk/X                   10     11        (VIOLATED)
clkbuf_leaf_85_i_clk/X                   10     11        (VIOLATED)
clkbuf_leaf_91_i_clk/X                   10     11        (VIOLATED)



===========================================================================
report_parasitic_annotation -report_unannotated
============================================================================
Found 0 unannotated drivers.
Found 0 partially unannotated drivers.

===========================================================================
max slew violation count 58
max fanout violation count 70
max cap violation count 0
============================================================================

===========================================================================
check_setup -verbose -unconstrained_endpoints -multiple_clock -no_clock -no_input_delay -loops -generated_clocks
===========================================================================
