
===========================================================================
 report_power
============================================================================
======================= Fastest Corner ===================================

Group                  Internal  Switching    Leakage      Total
                          Power      Power      Power      Power (Watts)
----------------------------------------------------------------
Sequential             1.89e-03   7.59e-04   6.51e-06   2.66e-03  11.7%
Combinational          8.60e-03   1.14e-02   1.03e-07   2.00e-02  88.3%
Macro                  0.00e+00   0.00e+00   0.00e+00   0.00e+00   0.0%
Pad                    0.00e+00   0.00e+00   0.00e+00   0.00e+00   0.0%
----------------------------------------------------------------
Total                  1.05e-02   1.21e-02   6.61e-06   2.27e-02 100.0%
                          46.3%      53.6%       0.0%

======================= Slowest Corner ===================================

Group                  Internal  Switching    Leakage      Total
                          Power      Power      Power      Power (Watts)
----------------------------------------------------------------
Sequential             1.27e-03   5.04e-04   2.88e-05   1.80e-03  12.0%
Combinational          5.54e-03   7.61e-03   5.14e-05   1.32e-02  88.0%
Macro                  0.00e+00   0.00e+00   0.00e+00   0.00e+00   0.0%
Pad                    0.00e+00   0.00e+00   0.00e+00   0.00e+00   0.0%
----------------------------------------------------------------
Total                  6.81e-03   8.11e-03   8.03e-05   1.50e-02 100.0%
                          45.4%      54.1%       0.5%

======================= Typical Corner ===================================

Group                  Internal  Switching    Leakage      Total
                          Power      Power      Power      Power (Watts)
----------------------------------------------------------------
Sequential             1.64e-03   6.41e-04   6.50e-06   2.29e-03  11.7%
Combinational          7.64e-03   9.67e-03   5.47e-08   1.73e-02  88.3%
Macro                  0.00e+00   0.00e+00   0.00e+00   0.00e+00   0.0%
Pad                    0.00e+00   0.00e+00   0.00e+00   0.00e+00   0.0%
----------------------------------------------------------------
Total                  9.28e-03   1.03e-02   6.56e-06   1.96e-02 100.0%
                          47.3%      52.6%       0.0%

