
61. Printing statistics.

=== top ===

   Number of wires:              10565
   Number of wire bits:          10627
   Number of public wires:        1531
   Number of public wire bits:    1593
   Number of memories:               0
   Number of memory bits:            0
   Number of processes:              0
   Number of cells:              10625
     sky130_fd_sc_hd__a2111o_2       2
     sky130_fd_sc_hd__a211o_2      108
     sky130_fd_sc_hd__a211oi_2       5
     sky130_fd_sc_hd__a21bo_2       15
     sky130_fd_sc_hd__a21boi_2       2
     sky130_fd_sc_hd__a21o_2       214
     sky130_fd_sc_hd__a21oi_2       92
     sky130_fd_sc_hd__a221o_2      522
     sky130_fd_sc_hd__a221oi_2       5
     sky130_fd_sc_hd__a22o_2       664
     sky130_fd_sc_hd__a22oi_2        4
     sky130_fd_sc_hd__a2bb2o_2      23
     sky130_fd_sc_hd__a311o_2        8
     sky130_fd_sc_hd__a311oi_2       7
     sky130_fd_sc_hd__a31o_2        57
     sky130_fd_sc_hd__a31oi_2        1
     sky130_fd_sc_hd__a32o_2        52
     sky130_fd_sc_hd__a41o_2         2
     sky130_fd_sc_hd__and2_2       104
     sky130_fd_sc_hd__and2b_2       25
     sky130_fd_sc_hd__and3_2       109
     sky130_fd_sc_hd__and3b_2       40
     sky130_fd_sc_hd__and4_2         7
     sky130_fd_sc_hd__and4b_2       11
     sky130_fd_sc_hd__and4bb_2       2
     sky130_fd_sc_hd__buf_1       2124
     sky130_fd_sc_hd__dfrtp_2     1349
     sky130_fd_sc_hd__dfstp_2       13
     sky130_fd_sc_hd__dfxtp_2      192
     sky130_fd_sc_hd__inv_2       1429
     sky130_fd_sc_hd__mux2_2      1583
     sky130_fd_sc_hd__mux4_2         6
     sky130_fd_sc_hd__nand2_2      301
     sky130_fd_sc_hd__nand2b_2       2
     sky130_fd_sc_hd__nand3_2       18
     sky130_fd_sc_hd__nand3b_2       2
     sky130_fd_sc_hd__nand4_2        4
     sky130_fd_sc_hd__nor2_2       213
     sky130_fd_sc_hd__nor2b_2       11
     sky130_fd_sc_hd__nor3_2        16
     sky130_fd_sc_hd__nor3b_2        1
     sky130_fd_sc_hd__nor4_2         2
     sky130_fd_sc_hd__nor4b_2        1
     sky130_fd_sc_hd__o2111a_2       2
     sky130_fd_sc_hd__o2111ai_2      1
     sky130_fd_sc_hd__o211a_2       65
     sky130_fd_sc_hd__o211ai_2       6
     sky130_fd_sc_hd__o21a_2        87
     sky130_fd_sc_hd__o21ai_2       88
     sky130_fd_sc_hd__o21ba_2       10
     sky130_fd_sc_hd__o21bai_2       4
     sky130_fd_sc_hd__o221a_2      117
     sky130_fd_sc_hd__o221ai_2       1
     sky130_fd_sc_hd__o22a_2        23
     sky130_fd_sc_hd__o22ai_2        3
     sky130_fd_sc_hd__o2bb2a_2      27
     sky130_fd_sc_hd__o311a_2        5
     sky130_fd_sc_hd__o31a_2        35
     sky130_fd_sc_hd__o31ai_2        8
     sky130_fd_sc_hd__o32a_2         3
     sky130_fd_sc_hd__o32ai_2        2
     sky130_fd_sc_hd__o41a_2         8
     sky130_fd_sc_hd__or2_2        188
     sky130_fd_sc_hd__or2b_2        14
     sky130_fd_sc_hd__or3_2         31
     sky130_fd_sc_hd__or3b_2        16
     sky130_fd_sc_hd__or4_2        172
     sky130_fd_sc_hd__or4b_2        14
     sky130_fd_sc_hd__or4bb_2        1
     sky130_fd_sc_hd__xnor2_2      283
     sky130_fd_sc_hd__xor2_2        63

   Chip area for module '\top': 109625.139200

