
60. Executing CHECK pass (checking for obvious problems).
Checking module top...
Warning: Wire top.\o_exeout [31] is used but has no driver.
Warning: Wire top.\o_exeout [30] is used but has no driver.
Warning: Wire top.\o_exeout [29] is used but has no driver.
Warning: Wire top.\o_exeout [28] is used but has no driver.
Warning: Wire top.\o_exeout [27] is used but has no driver.
Warning: Wire top.\o_exeout [26] is used but has no driver.
Warning: Wire top.\o_exeout [25] is used but has no driver.
Warning: Wire top.\o_exeout [24] is used but has no driver.
Warning: Wire top.\o_exeout [23] is used but has no driver.
Warning: Wire top.\o_exeout [22] is used but has no driver.
Warning: Wire top.\o_exeout [21] is used but has no driver.
Warning: Wire top.\o_exeout [20] is used but has no driver.
Warning: Wire top.\o_exeout [19] is used but has no driver.
Warning: Wire top.\o_exeout [18] is used but has no driver.
Warning: Wire top.\o_exeout [17] is used but has no driver.
Warning: Wire top.\o_exeout [16] is used but has no driver.
Warning: Wire top.\o_exeout [15] is used but has no driver.
Warning: Wire top.\o_exeout [14] is used but has no driver.
Warning: Wire top.\o_exeout [13] is used but has no driver.
Warning: Wire top.\o_exeout [12] is used but has no driver.
Warning: Wire top.\o_exeout [11] is used but has no driver.
Warning: Wire top.\o_exeout [10] is used but has no driver.
Warning: Wire top.\o_exeout [9] is used but has no driver.
Warning: Wire top.\o_exeout [8] is used but has no driver.
Warning: Wire top.\o_exeout [7] is used but has no driver.
Warning: Wire top.\o_exeout [6] is used but has no driver.
Warning: Wire top.\o_exeout [5] is used but has no driver.
Warning: Wire top.\o_exeout [4] is used but has no driver.
Warning: Wire top.\o_exeout [3] is used but has no driver.
Warning: Wire top.\o_exeout [2] is used but has no driver.
Warning: Wire top.\o_exeout [1] is used but has no driver.
Warning: Wire top.\o_exeout [0] is used but has no driver.
Warning: Wire top.\o_Instruction [31] is used but has no driver.
Warning: Wire top.\o_Instruction [30] is used but has no driver.
Warning: Wire top.\o_Instruction [29] is used but has no driver.
Warning: Wire top.\o_Instruction [28] is used but has no driver.
Warning: Wire top.\o_Instruction [27] is used but has no driver.
Warning: Wire top.\o_Instruction [26] is used but has no driver.
Warning: Wire top.\o_Instruction [25] is used but has no driver.
Warning: Wire top.\o_Instruction [24] is used but has no driver.
Warning: Wire top.\o_Instruction [23] is used but has no driver.
Warning: Wire top.\o_Instruction [22] is used but has no driver.
Warning: Wire top.\o_Instruction [21] is used but has no driver.
Warning: Wire top.\o_Instruction [20] is used but has no driver.
Warning: Wire top.\o_Instruction [19] is used but has no driver.
Warning: Wire top.\o_Instruction [18] is used but has no driver.
Warning: Wire top.\o_Instruction [17] is used but has no driver.
Warning: Wire top.\o_Instruction [16] is used but has no driver.
Warning: Wire top.\o_Instruction [15] is used but has no driver.
Warning: Wire top.\o_Instruction [14] is used but has no driver.
Warning: Wire top.\o_Instruction [13] is used but has no driver.
Warning: Wire top.\o_Instruction [12] is used but has no driver.
Warning: Wire top.\o_Instruction [11] is used but has no driver.
Warning: Wire top.\o_Instruction [10] is used but has no driver.
Warning: Wire top.\o_Instruction [9] is used but has no driver.
Warning: Wire top.\o_Instruction [8] is used but has no driver.
Warning: Wire top.\o_Instruction [7] is used but has no driver.
Warning: Wire top.\o_Instruction [6] is used but has no driver.
Warning: Wire top.\o_Instruction [5] is used but has no driver.
Warning: Wire top.\o_Instruction [4] is used but has no driver.
Warning: Wire top.\o_Instruction [3] is used but has no driver.
Warning: Wire top.\o_Instruction [2] is used but has no driver.
Warning: Wire top.\o_Instruction [1] is used but has no driver.
Warning: Wire top.\o_Instruction [0] is used but has no driver.
Found and reported 64 problems.
