
17. Executing CHECK pass (checking for obvious problems).
Checking module top...
Checking module STAGE2_LSU_UNIT...
Checking module STAGE2_DATAPATH...
Checking module STAGE2_MULT...
Checking module STAGE2_UNIFIED_MEMORY...
Checking module STAGE2_BRANCH_COMPARATOR...
Checking module STAGE2_IMM_GEN...
Checking module STAGE2_CRC...
Checking module STAGE2_CONTROL_UNIT...
Checking module STAGE2_ALU...
Checking module CONTROL_UNIT_3...
Checking module op_size_decoder...
Checking module LSU_UNIT...
Checking module DMEM_TO_REG_MUX...
Checking module PC_Next_MUX...
Checking module EXECUTE_RESULT_REG...
Checking module ADDR_MUX...
Checking module PC...
Checking module mem_data_reg...
Checking module inst_reg...
Checking module MUX_SRC_B...
Checking module MUX_SRC_A...
Checking module rs2_reg...
Checking module rs1_reg...
Checking module MUX3_32...
Checking module multiplier_sequential...
Checking module RISCV_DMEM...
Checking module RISCV_IMEM...
Checking module RISCV_ADDR_DECODER...
Checking module branch_comparator...
Checking module imm_generator...
Checking module crc_unit_mux...
Checking module crc32_block...
Checking module crc16_block...
Checking module crc8_block...
Checking module ALU...
Checking module $paramod\REGISTER_FILE\p_DATA_MEM_SIZE=s32'00000000000000000000010000000000...
Checking module MUX2_32...
Found and reported 0 problems.
