OpenROAD 41a51eaf4ca2171c92ff38afb91eb37bbd3f36da 
This program is licensed under the BSD-3 license. See the LICENSE file for details.
Components of this program may be licensed under more restrictive licenses which must be honored.
[INFO]: Reading ODB at '/openlane/designs/riscv_stage2/runs/RUN_2026.09.10_08.44.32/tmp/15-top.odb'…
define_corners Slowest Typical Fastest
read_liberty -corner Slowest /home/ahmedizzat207/.ciel/sky130A/libs.ref/sky130_fd_sc_hd/lib/sky130_fd_sc_hd__ss_100C_1v60.lib
read_liberty -corner Typical /home/ahmedizzat207/.ciel/sky130A/libs.ref/sky130_fd_sc_hd/lib/sky130_fd_sc_hd__tt_025C_1v80.lib
read_liberty -corner Fastest /home/ahmedizzat207/.ciel/sky130A/libs.ref/sky130_fd_sc_hd/lib/sky130_fd_sc_hd__ff_n40C_1v95.lib
Using 1e-12 for capacitance...
Using 1e+03 for resistance...
Using 1e-09 for time...
Using 1e+00 for voltage...
Using 1e-03 for current...
Using 1e-09 for power...
Using 1e-06 for distance...
Reading design constraints file at '/openlane/designs/riscv_stage2/runs/RUN_2026.09.10_08.44.32/tmp/15-top.sdc'…
[INFO]: Setting signal min routing layer to: met1 and clock min routing layer to met3. 
[INFO]: Setting signal max routing layer to: met5 and clock max routing layer to met5. 
-congestion_iterations 50 -verbose -congestion_report_file /openlane/designs/riscv_stage2/runs/RUN_2026.09.10_08.44.32/tmp/routing/resizer-routing-timing-congestion.rpt
[INFO GRT-0020] Min routing layer: met1
[INFO GRT-0021] Max routing layer: met5
[INFO GRT-0022] Global adjustment: 30%
[INFO GRT-0023] Grid origin: (0, 0)
[INFO GRT-0043] No OR_DEFAULT vias defined.
[INFO GRT-0088] Layer li1     Track-Pitch = 0.4600  line-2-Via Pitch: 0.3400
[INFO GRT-0088] Layer met1    Track-Pitch = 0.3400  line-2-Via Pitch: 0.3400
[INFO GRT-0088] Layer met2    Track-Pitch = 0.4600  line-2-Via Pitch: 0.3500
[INFO GRT-0088] Layer met3    Track-Pitch = 0.6800  line-2-Via Pitch: 0.6150
[INFO GRT-0088] Layer met4    Track-Pitch = 0.9200  line-2-Via Pitch: 1.0400
[INFO GRT-0088] Layer met5    Track-Pitch = 3.4000  line-2-Via Pitch: 3.1100
[INFO GRT-0019] Found 212 clock nets.
[INFO GRT-0001] Minimum degree: 2
[INFO GRT-0002] Maximum degree: 17
[INFO GRT-0003] Macros: 0
[INFO GRT-0004] Blockages: 22707

[INFO GRT-0053] Routing resources analysis:
          Routing      Original      Derated      Resource
Layer     Direction    Resources     Resources    Reduction (%)
---------------------------------------------------------------
li1        Vertical            0             0          0.00%
met1       Horizontal     103680         50153          51.63%
met2       Vertical        77760         51300          34.03%
met3       Horizontal      51840         35623          31.28%
met4       Vertical        31104         16182          47.97%
met5       Horizontal      10368          4118          60.28%
---------------------------------------------------------------

[INFO GRT-0101] Running extra iterations to remove overflow.
[INFO GRT-0197] Via related to pin nodes: 50690
[INFO GRT-0198] Via related Steiner nodes: 1885
[INFO GRT-0199] Via filling finished.
[INFO GRT-0111] Final number of vias: 58739
[INFO GRT-0112] Final usage 3D: 241745

[INFO GRT-0096] Final congestion report:
Layer         Resource        Demand        Usage (%)    Max H / Max V / Total Overflow
---------------------------------------------------------------------------------------
li1                  0             0            0.00%             0 /  0 /  0
met1             50153         24498           48.85%             0 /  0 /  0
met2             51300         27720           54.04%             0 /  0 /  0
met3             35623          7634           21.43%             0 /  0 /  0
met4             16182          5486           33.90%             0 /  0 /  0
met5              4118           190            4.61%             0 /  0 /  0
---------------------------------------------------------------------------------------
Total           157376         65528           41.64%             0 /  0 /  0

[INFO GRT-0018] Total wirelength: 650421 um
[INFO GRT-0014] Routed nets: 11392
[INFO]: Setting RC values...
[INFO RSZ-0033] No hold violations found.
Placement Analysis
---------------------------------
total displacement          0.0 u
average displacement        0.0 u
max displacement            0.0 u
original HPWL          376931.1 u
legalized HPWL         383413.1 u
delta HPWL                    2 %

[INFO DPL-0020] Mirrored 3918 instances
[INFO DPL-0021] HPWL before          383413.1 u
[INFO DPL-0022] HPWL after           376931.1 u
[INFO DPL-0023] HPWL delta               -1.7 %
Setting global connections for newly added cells…
Writing OpenROAD database to '/openlane/designs/riscv_stage2/runs/RUN_2026.09.10_08.44.32/tmp/17-top.odb'…
Writing netlist to '/openlane/designs/riscv_stage2/runs/RUN_2026.09.10_08.44.32/tmp/17-top.nl.v'…
Writing powered netlist to '/openlane/designs/riscv_stage2/runs/RUN_2026.09.10_08.44.32/tmp/17-top.pnl.v'…
Writing layout to '/openlane/designs/riscv_stage2/runs/RUN_2026.09.10_08.44.32/tmp/17-top.def'…
Writing timing constraints to '/openlane/designs/riscv_stage2/runs/RUN_2026.09.10_08.44.32/tmp/17-top.sdc'…
area_report

===========================================================================
report_design_area
============================================================================
Design area 122555 u^2 53% utilization.
area_report_end
