OpenROAD 41a51eaf4ca2171c92ff38afb91eb37bbd3f36da 
This program is licensed under the BSD-3 license. See the LICENSE file for details.
Components of this program may be licensed under more restrictive licenses which must be honored.
[INFO]: Reading ODB at '/openlane/designs/riscv_stage2/runs/RUN_2026.09.10_08.44.32/tmp/routing/22-fill.odb'…
define_corners Typical
read_liberty -corner Typical /home/ahmedizzat207/.ciel/sky130A/libs.ref/sky130_fd_sc_hd/lib/sky130_fd_sc_hd__tt_025C_1v80.lib
Using 1e-12 for capacitance...
Using 1e+03 for resistance...
Using 1e-09 for time...
Using 1e+00 for voltage...
Using 1e-03 for current...
Using 1e-09 for power...
Using 1e-06 for distance...
Reading design constraints file at '/openlane/designs/riscv_stage2/runs/RUN_2026.09.10_08.44.32/tmp/17-top.sdc'…
[INFO ORD-0030] Using 2 thread(s).
[INFO DRT-0149] Reading tech and libs.

Units:                1000
Number of layers:     13
Number of macros:     441
Number of vias:       25
Number of viarulegen: 25

[INFO DRT-0150] Reading design.

Design:                   top
Die area:                 ( 0 0 ) ( 500000 500000 )
Number of track patterns: 12
Number of DEF vias:       0
Number of components:     29859
Number of terminals:      68
Number of snets:          2
Number of nets:           11392

[INFO DRT-0167] List of default vias:
  Layer mcon
    default via: L1M1_PR
  Layer via
    default via: M1M2_PR
  Layer via2
    default via: M2M3_PR
  Layer via3
    default via: M3M4_PR
  Layer via4
    default via: M4M5_PR
[INFO DRT-0162] Library cell analysis.
[INFO DRT-0163] Instance analysis.
  Complete 10000 instances.
  Complete 20000 instances.
[INFO DRT-0164] Number of unique instances = 292.
[INFO DRT-0168] Init region query.
[INFO DRT-0018]   Complete 10000 insts.
[INFO DRT-0018]   Complete 20000 insts.
[INFO DRT-0024]   Complete FR_MASTERSLICE.
[INFO DRT-0024]   Complete licon.
[INFO DRT-0024]   Complete li1.
[INFO DRT-0024]   Complete mcon.
[INFO DRT-0024]   Complete met1.
[INFO DRT-0024]   Complete via.
[INFO DRT-0024]   Complete met2.
[INFO DRT-0024]   Complete via2.
[INFO DRT-0024]   Complete met3.
[INFO DRT-0024]   Complete via3.
[INFO DRT-0024]   Complete met4.
[INFO DRT-0024]   Complete via4.
[INFO DRT-0024]   Complete met5.
[INFO DRT-0033] FR_MASTERSLICE shape region query size = 0.
[INFO DRT-0033] licon shape region query size = 0.
[INFO DRT-0033] li1 shape region query size = 431658.
[INFO DRT-0033] mcon shape region query size = 101472.
[INFO DRT-0033] met1 shape region query size = 94407.
[INFO DRT-0033] via shape region query size = 17600.
[INFO DRT-0033] met2 shape region query size = 10594.
[INFO DRT-0033] via2 shape region query size = 14080.
[INFO DRT-0033] met3 shape region query size = 10592.
[INFO DRT-0033] via3 shape region query size = 14080.
[INFO DRT-0033] met4 shape region query size = 4360.
[INFO DRT-0033] via4 shape region query size = 760.
[INFO DRT-0033] met5 shape region query size = 836.
[INFO DRT-0165] Start pin access.
[INFO DRT-0076]   Complete 100 pins.
[INFO DRT-0076]   Complete 200 pins.
[INFO DRT-0076]   Complete 300 pins.
[INFO DRT-0076]   Complete 400 pins.
[INFO DRT-0076]   Complete 500 pins.
[INFO DRT-0076]   Complete 600 pins.
[INFO DRT-0076]   Complete 700 pins.
[INFO DRT-0076]   Complete 800 pins.
[INFO DRT-0076]   Complete 900 pins.
[INFO DRT-0077]   Complete 1000 pins.
[INFO DRT-0078]   Complete 1144 pins.
[INFO DRT-0079]   Complete 100 unique inst patterns.
[INFO DRT-0079]   Complete 200 unique inst patterns.
[INFO DRT-0081]   Complete 274 unique inst patterns.
[INFO DRT-0082]   Complete 1000 groups.
[INFO DRT-0082]   Complete 2000 groups.
[INFO DRT-0082]   Complete 3000 groups.
[INFO DRT-0082]   Complete 4000 groups.
[INFO DRT-0082]   Complete 5000 groups.
[INFO DRT-0082]   Complete 6000 groups.
[INFO DRT-0082]   Complete 7000 groups.
[INFO DRT-0084]   Complete 7048 groups.
#scanned instances     = 29859
#unique  instances     = 292
#stdCellGenAp          = 8611
#stdCellValidPlanarAp  = 73
#stdCellValidViaAp     = 6567
#stdCellPinNoAp        = 0
#stdCellPinCnt         = 38263
#instTermValidViaApCnt = 0
#macroGenAp            = 0
#macroValidPlanarAp    = 0
#macroValidViaAp       = 0
#macroNoAp             = 0
[INFO DRT-0166] Complete pin access.
[INFO DRT-0267] cpu time = 00:02:47, elapsed time = 00:01:23, memory = 258.59 (MB), peak = 265.52 (MB)

Number of guides:     94150

[INFO DRT-0169] Post process guides.
[INFO DRT-0176] GCELLGRID X 0 DO 72 STEP 6900 ;
[INFO DRT-0177] GCELLGRID Y 0 DO 72 STEP 6900 ;
[INFO DRT-0026]   Complete 10000 origin guides.
[INFO DRT-0026]   Complete 20000 origin guides.
[INFO DRT-0026]   Complete 30000 origin guides.
[INFO DRT-0026]   Complete 40000 origin guides.
[INFO DRT-0026]   Complete 50000 origin guides.
[INFO DRT-0026]   Complete 60000 origin guides.
[INFO DRT-0026]   Complete 70000 origin guides.
[INFO DRT-0026]   Complete 80000 origin guides.
[INFO DRT-0026]   Complete 90000 origin guides.
[INFO DRT-0028]   Complete FR_MASTERSLICE.
[INFO DRT-0028]   Complete licon.
[INFO DRT-0028]   Complete li1.
[INFO DRT-0028]   Complete mcon.
[INFO DRT-0028]   Complete met1.
[INFO DRT-0028]   Complete via.
[INFO DRT-0028]   Complete met2.
[INFO DRT-0028]   Complete via2.
[INFO DRT-0028]   Complete met3.
[INFO DRT-0028]   Complete via3.
[INFO DRT-0028]   Complete met4.
[INFO DRT-0028]   Complete via4.
[INFO DRT-0028]   Complete met5.
  complete 10000 nets.
[INFO DRT-0178] Init guide query.
[INFO DRT-0029]   Complete 10000 nets (guide).
[INFO DRT-0035]   Complete FR_MASTERSLICE (guide).
[INFO DRT-0035]   Complete licon (guide).
[INFO DRT-0035]   Complete li1 (guide).
[INFO DRT-0035]   Complete mcon (guide).
[INFO DRT-0035]   Complete met1 (guide).
[INFO DRT-0035]   Complete via (guide).
[INFO DRT-0035]   Complete met2 (guide).
[INFO DRT-0035]   Complete via2 (guide).
[INFO DRT-0035]   Complete met3 (guide).
[INFO DRT-0035]   Complete via3 (guide).
[INFO DRT-0035]   Complete met4 (guide).
[INFO DRT-0035]   Complete via4 (guide).
[INFO DRT-0035]   Complete met5 (guide).
[INFO DRT-0036] FR_MASTERSLICE guide region query size = 0.
[INFO DRT-0036] licon guide region query size = 0.
[INFO DRT-0036] li1 guide region query size = 30720.
[INFO DRT-0036] mcon guide region query size = 0.
[INFO DRT-0036] met1 guide region query size = 25791.
[INFO DRT-0036] via guide region query size = 0.
[INFO DRT-0036] met2 guide region query size = 14115.
[INFO DRT-0036] via2 guide region query size = 0.
[INFO DRT-0036] met3 guide region query size = 2058.
[INFO DRT-0036] via3 guide region query size = 0.
[INFO DRT-0036] met4 guide region query size = 705.
[INFO DRT-0036] via4 guide region query size = 0.
[INFO DRT-0036] met5 guide region query size = 24.
[INFO DRT-0179] Init gr pin query.
[INFO DRT-0245] skipped writing guide updates to database.
[INFO DRT-0185] Post process initialize RPin region query.
[INFO DRT-0181] Start track assignment.
[INFO DRT-0184] Done with 45540 vertical wires in 2 frboxes and 27873 horizontal wires in 2 frboxes.
[INFO DRT-0186] Done with 7191 vertical wires in 2 frboxes and 9572 horizontal wires in 2 frboxes.
[INFO DRT-0182] Complete track assignment.
[INFO DRT-0267] cpu time = 00:00:07, elapsed time = 00:00:05, memory = 396.50 (MB), peak = 423.68 (MB)
[INFO DRT-0187] Start routing data preparation.
[INFO DRT-0267] cpu time = 00:00:00, elapsed time = 00:00:00, memory = 396.50 (MB), peak = 423.68 (MB)
[INFO DRT-0194] Start detail routing.
[INFO DRT-0195] Start 0th optimization iteration.
    Completing 10% with 0 violations.
    elapsed time = 00:00:14, memory = 594.72 (MB).
    Completing 20% with 0 violations.
    elapsed time = 00:00:48, memory = 875.43 (MB).
    Completing 30% with 2515 violations.
    elapsed time = 00:01:11, memory = 755.66 (MB).
    Completing 40% with 2515 violations.
    elapsed time = 00:01:35, memory = 910.63 (MB).
    Completing 50% with 2515 violations.
    elapsed time = 00:02:08, memory = 1041.15 (MB).
    Completing 60% with 5066 violations.
    elapsed time = 00:02:24, memory = 810.99 (MB).
    Completing 70% with 5066 violations.
    elapsed time = 00:03:04, memory = 952.70 (MB).
    Completing 80% with 7627 violations.
    elapsed time = 00:03:41, memory = 809.33 (MB).
    Completing 90% with 7627 violations.
    elapsed time = 00:04:21, memory = 995.20 (MB).
    Completing 100% with 10473 violations.
    elapsed time = 00:05:00, memory = 768.16 (MB).
[INFO DRT-0199]   Number of violations = 13809.
Viol/Layer         li1   mcon   met1    via   met2   met3   met4   met5
Cut Spacing          0      6      0      0      0      0      0      0
Metal Spacing       71      0   1413      0    736     59      7      4
Min Hole             0      0      4      0      0      0      0      0
NS Metal             1      0      2      0      0      0      0      0
Recheck              6      0   1901      0   1191    186     50      2
Short                0      0   6523      8   1542     91      6      0
[INFO DRT-0267] cpu time = 00:09:44, elapsed time = 00:05:01, memory = 805.27 (MB), peak = 1208.20 (MB)
Total wire length = 485215 um.
Total wire length on LAYER li1 = 0 um.
Total wire length on LAYER met1 = 191346 um.
Total wire length on LAYER met2 = 198569 um.
Total wire length on LAYER met3 = 58635 um.
Total wire length on LAYER met4 = 34852 um.
Total wire length on LAYER met5 = 1810 um.
Total number of vias = 86035.
Up-via summary (total 86035):.

------------------------
 FR_MASTERSLICE        0
            li1    37028
           met1    44146
           met2     3534
           met3     1288
           met4       39
------------------------
                   86035


[INFO DRT-0195] Start 1st optimization iteration.
    Completing 10% with 13809 violations.
    elapsed time = 00:00:11, memory = 872.22 (MB).
    Completing 20% with 13809 violations.
    elapsed time = 00:00:44, memory = 1010.48 (MB).
    Completing 30% with 12570 violations.
    elapsed time = 00:00:57, memory = 802.41 (MB).
    Completing 40% with 12570 violations.
    elapsed time = 00:01:21, memory = 1009.69 (MB).
    Completing 50% with 12570 violations.
    elapsed time = 00:02:00, memory = 1179.98 (MB).
    Completing 60% with 10514 violations.
    elapsed time = 00:02:18, memory = 894.80 (MB).
    Completing 70% with 10514 violations.
    elapsed time = 00:02:47, memory = 1058.71 (MB).
    Completing 80% with 9394 violations.
    elapsed time = 00:03:26, memory = 809.74 (MB).
    Completing 90% with 9394 violations.
    elapsed time = 00:04:01, memory = 987.45 (MB).
    Completing 100% with 7589 violations.
    elapsed time = 00:04:45, memory = 768.43 (MB).
[INFO DRT-0199]   Number of violations = 8245.
Viol/Layer        mcon   met1   met2   met3   met4
Cut Spacing         10      0      0      0      0
Metal Spacing        0    849    439     31      2
Recheck              0      5      1    124    526
Short                0   5477    765     11      5
[INFO DRT-0267] cpu time = 00:09:13, elapsed time = 00:04:45, memory = 805.04 (MB), peak = 1208.20 (MB)
Total wire length = 481522 um.
Total wire length on LAYER li1 = 0 um.
Total wire length on LAYER met1 = 189549 um.
Total wire length on LAYER met2 = 197147 um.
Total wire length on LAYER met3 = 58468 um.
Total wire length on LAYER met4 = 34627 um.
Total wire length on LAYER met5 = 1729 um.
Total number of vias = 85658.
Up-via summary (total 85658):.

------------------------
 FR_MASTERSLICE        0
            li1    37016
           met1    43714
           met2     3617
           met3     1274
           met4       37
------------------------
                   85658


[INFO DRT-0195] Start 2nd optimization iteration.
    Completing 10% with 8245 violations.
    elapsed time = 00:00:10, memory = 878.85 (MB).
    Completing 20% with 8245 violations.
    elapsed time = 00:00:42, memory = 1040.47 (MB).
    Completing 30% with 7906 violations.
    elapsed time = 00:01:12, memory = 779.26 (MB).
    Completing 40% with 7906 violations.
    elapsed time = 00:01:50, memory = 960.94 (MB).
    Completing 50% with 7906 violations.
    elapsed time = 00:02:39, memory = 1141.11 (MB).
    Completing 60% with 7358 violations.
    elapsed time = 00:03:03, memory = 861.98 (MB).
    Completing 70% with 7358 violations.
    elapsed time = 00:03:31, memory = 1001.99 (MB).
    Completing 80% with 7186 violations.
    elapsed time = 00:04:12, memory = 824.74 (MB).
    Completing 90% with 7186 violations.
    elapsed time = 00:04:50, memory = 1003.34 (MB).
    Completing 100% with 6922 violations.
    elapsed time = 00:05:38, memory = 788.21 (MB).
[INFO DRT-0199]   Number of violations = 7814.
Viol/Layer        mcon   met1   met2   met3   met4
Cut Spacing          6      0      0      0      0
Metal Spacing        0    822    359     39      4
Recheck              0     43      0    849      0
Short                0   4966    689     36      1
[INFO DRT-0267] cpu time = 00:10:54, elapsed time = 00:05:39, memory = 824.75 (MB), peak = 1208.20 (MB)
Total wire length = 480361 um.
Total wire length on LAYER li1 = 0 um.
Total wire length on LAYER met1 = 189076 um.
Total wire length on LAYER met2 = 196604 um.
Total wire length on LAYER met3 = 58352 um.
Total wire length on LAYER met4 = 34620 um.
Total wire length on LAYER met5 = 1707 um.
Total number of vias = 85688.
Up-via summary (total 85688):.

------------------------
 FR_MASTERSLICE        0
            li1    37016
           met1    43765
           met2     3590
           met3     1282
           met4       35
------------------------
                   85688


[INFO DRT-0195] Start 3rd optimization iteration.
    Completing 10% with 7814 violations.
    elapsed time = 00:00:20, memory = 969.53 (MB).
    Completing 20% with 7814 violations.
    elapsed time = 00:01:10, memory = 1106.52 (MB).
    Completing 30% with 6202 violations.
    elapsed time = 00:01:34, memory = 811.54 (MB).
    Completing 40% with 6202 violations.
    elapsed time = 00:02:09, memory = 997.11 (MB).
    Completing 50% with 6202 violations.
    elapsed time = 00:02:49, memory = 1119.36 (MB).
    Completing 60% with 5048 violations.
    elapsed time = 00:03:00, memory = 858.05 (MB).
    Completing 70% with 5048 violations.
    elapsed time = 00:03:44, memory = 1065.87 (MB).
    Completing 80% with 3685 violations.
    elapsed time = 00:04:27, memory = 842.77 (MB).
    Completing 90% with 3685 violations.
    elapsed time = 00:05:10, memory = 971.03 (MB).
    Completing 100% with 1754 violations.
    elapsed time = 00:06:04, memory = 784.95 (MB).
[INFO DRT-0199]   Number of violations = 1754.
Viol/Layer        mcon   met1   met2   met3   met4
Cut Spacing          3      0      0      0      0
Metal Spacing        0    428     97      7      0
Short                0   1099    115      4      1
[INFO DRT-0267] cpu time = 00:11:46, elapsed time = 00:06:05, memory = 803.32 (MB), peak = 1208.20 (MB)
Total wire length = 480612 um.
Total wire length on LAYER li1 = 0 um.
Total wire length on LAYER met1 = 178948 um.
Total wire length on LAYER met2 = 195467 um.
Total wire length on LAYER met3 = 67863 um.
Total wire length on LAYER met4 = 36649 um.
Total wire length on LAYER met5 = 1683 um.
Total number of vias = 88631.
Up-via summary (total 88631):.

------------------------
 FR_MASTERSLICE        0
            li1    37016
           met1    44814
           met2     5271
           met3     1495
           met4       35
------------------------
                   88631


[INFO DRT-0195] Start 4th optimization iteration.
    Completing 10% with 1754 violations.
    elapsed time = 00:00:03, memory = 869.36 (MB).
    Completing 20% with 1754 violations.
    elapsed time = 00:00:17, memory = 1005.15 (MB).
    Completing 30% with 1442 violations.
    elapsed time = 00:00:26, memory = 794.21 (MB).
    Completing 40% with 1442 violations.
    elapsed time = 00:00:38, memory = 996.79 (MB).
    Completing 50% with 1442 violations.
    elapsed time = 00:00:54, memory = 1141.01 (MB).
    Completing 60% with 1108 violations.
    elapsed time = 00:00:57, memory = 879.31 (MB).
    Completing 70% with 1108 violations.
    elapsed time = 00:01:10, memory = 1014.64 (MB).
    Completing 80% with 853 violations.
    elapsed time = 00:01:23, memory = 856.18 (MB).
    Completing 90% with 853 violations.
    elapsed time = 00:01:37, memory = 920.08 (MB).
    Completing 100% with 296 violations.
    elapsed time = 00:01:52, memory = 799.18 (MB).
[INFO DRT-0199]   Number of violations = 296.
Viol/Layer        mcon   met1   met2   met3
Cut Spacing          1      0      0      0
Metal Spacing        0     90     20      0
Short                0    156     28      1
[INFO DRT-0267] cpu time = 00:03:39, elapsed time = 00:01:52, memory = 805.61 (MB), peak = 1208.20 (MB)
Total wire length = 480459 um.
Total wire length on LAYER li1 = 0 um.
Total wire length on LAYER met1 = 177679 um.
Total wire length on LAYER met2 = 195156 um.
Total wire length on LAYER met3 = 68800 um.
Total wire length on LAYER met4 = 37140 um.
Total wire length on LAYER met5 = 1683 um.
Total number of vias = 88939.
Up-via summary (total 88939):.

------------------------
 FR_MASTERSLICE        0
            li1    37016
           met1    44930
           met2     5428
           met3     1530
           met4       35
------------------------
                   88939


[INFO DRT-0195] Start 5th optimization iteration.
    Completing 10% with 296 violations.
    elapsed time = 00:00:00, memory = 845.46 (MB).
    Completing 20% with 296 violations.
    elapsed time = 00:00:04, memory = 883.41 (MB).
    Completing 30% with 284 violations.
    elapsed time = 00:00:06, memory = 799.51 (MB).
    Completing 40% with 284 violations.
    elapsed time = 00:00:09, memory = 905.11 (MB).
    Completing 50% with 284 violations.
    elapsed time = 00:00:13, memory = 923.63 (MB).
    Completing 60% with 239 violations.
    elapsed time = 00:00:28, memory = 851.55 (MB).
    Completing 70% with 239 violations.
    elapsed time = 00:00:34, memory = 929.43 (MB).
    Completing 80% with 155 violations.
    elapsed time = 00:00:38, memory = 755.17 (MB).
    Completing 90% with 155 violations.
    elapsed time = 00:00:40, memory = 897.66 (MB).
    Completing 100% with 109 violations.
    elapsed time = 00:00:54, memory = 778.13 (MB).
[INFO DRT-0199]   Number of violations = 109.
Viol/Layer        met1   met2   met3
Metal Spacing       37      9      0
Short               48     14      1
[INFO DRT-0267] cpu time = 00:01:23, elapsed time = 00:00:55, memory = 779.95 (MB), peak = 1208.20 (MB)
Total wire length = 480375 um.
Total wire length on LAYER li1 = 0 um.
Total wire length on LAYER met1 = 177482 um.
Total wire length on LAYER met2 = 195111 um.
Total wire length on LAYER met3 = 68908 um.
Total wire length on LAYER met4 = 37189 um.
Total wire length on LAYER met5 = 1683 um.
Total number of vias = 88972.
Up-via summary (total 88972):.

------------------------
 FR_MASTERSLICE        0
            li1    37016
           met1    44944
           met2     5444
           met3     1533
           met4       35
------------------------
                   88972


[INFO DRT-0195] Start 6th optimization iteration.
    Completing 10% with 109 violations.
    elapsed time = 00:00:00, memory = 779.95 (MB).
    Completing 20% with 109 violations.
    elapsed time = 00:00:00, memory = 824.19 (MB).
    Completing 30% with 108 violations.
    elapsed time = 00:00:04, memory = 778.99 (MB).
    Completing 40% with 108 violations.
    elapsed time = 00:00:04, memory = 835.39 (MB).
    Completing 50% with 108 violations.
    elapsed time = 00:00:06, memory = 843.35 (MB).
    Completing 60% with 96 violations.
    elapsed time = 00:00:17, memory = 779.03 (MB).
    Completing 70% with 96 violations.
    elapsed time = 00:00:17, memory = 779.03 (MB).
    Completing 80% with 84 violations.
    elapsed time = 00:00:24, memory = 779.34 (MB).
    Completing 90% with 84 violations.
    elapsed time = 00:00:25, memory = 834.89 (MB).
    Completing 100% with 44 violations.
    elapsed time = 00:00:39, memory = 769.42 (MB).
[INFO DRT-0199]   Number of violations = 44.
Viol/Layer        met1   met2
Metal Spacing       20      3
Short               18      3
[INFO DRT-0267] cpu time = 00:00:49, elapsed time = 00:00:40, memory = 790.29 (MB), peak = 1208.20 (MB)
Total wire length = 480389 um.
Total wire length on LAYER li1 = 0 um.
Total wire length on LAYER met1 = 177503 um.
Total wire length on LAYER met2 = 195100 um.
Total wire length on LAYER met3 = 68926 um.
Total wire length on LAYER met4 = 37175 um.
Total wire length on LAYER met5 = 1683 um.
Total number of vias = 88984.
Up-via summary (total 88984):.

------------------------
 FR_MASTERSLICE        0
            li1    37016
           met1    44952
           met2     5450
           met3     1531
           met4       35
------------------------
                   88984


[INFO DRT-0195] Start 7th optimization iteration.
    Completing 10% with 44 violations.
    elapsed time = 00:00:00, memory = 790.29 (MB).
    Completing 20% with 44 violations.
    elapsed time = 00:00:00, memory = 790.29 (MB).
    Completing 30% with 43 violations.
    elapsed time = 00:00:04, memory = 791.64 (MB).
    Completing 40% with 43 violations.
    elapsed time = 00:00:04, memory = 791.64 (MB).
    Completing 50% with 43 violations.
    elapsed time = 00:00:04, memory = 791.64 (MB).
    Completing 60% with 29 violations.
    elapsed time = 00:00:09, memory = 795.34 (MB).
    Completing 70% with 29 violations.
    elapsed time = 00:00:09, memory = 795.34 (MB).
    Completing 80% with 26 violations.
    elapsed time = 00:00:10, memory = 795.34 (MB).
    Completing 90% with 26 violations.
    elapsed time = 00:00:10, memory = 826.96 (MB).
    Completing 100% with 4 violations.
    elapsed time = 00:00:14, memory = 781.96 (MB).
[INFO DRT-0199]   Number of violations = 4.
Viol/Layer        met1   met2
Metal Spacing        3      1
[INFO DRT-0267] cpu time = 00:00:15, elapsed time = 00:00:14, memory = 781.96 (MB), peak = 1208.20 (MB)
Total wire length = 480397 um.
Total wire length on LAYER li1 = 0 um.
Total wire length on LAYER met1 = 177509 um.
Total wire length on LAYER met2 = 195056 um.
Total wire length on LAYER met3 = 68905 um.
Total wire length on LAYER met4 = 37243 um.
Total wire length on LAYER met5 = 1683 um.
Total number of vias = 88996.
Up-via summary (total 88996):.

------------------------
 FR_MASTERSLICE        0
            li1    37016
           met1    44959
           met2     5453
           met3     1533
           met4       35
------------------------
                   88996


[INFO DRT-0195] Start 8th optimization iteration.
    Completing 10% with 4 violations.
    elapsed time = 00:00:00, memory = 781.96 (MB).
    Completing 20% with 4 violations.
    elapsed time = 00:00:00, memory = 781.96 (MB).
    Completing 30% with 3 violations.
    elapsed time = 00:00:00, memory = 781.96 (MB).
    Completing 40% with 3 violations.
    elapsed time = 00:00:00, memory = 781.96 (MB).
    Completing 50% with 3 violations.
    elapsed time = 00:00:00, memory = 781.96 (MB).
    Completing 60% with 1 violations.
    elapsed time = 00:00:01, memory = 781.93 (MB).
    Completing 70% with 1 violations.
    elapsed time = 00:00:01, memory = 781.93 (MB).
    Completing 80% with 1 violations.
    elapsed time = 00:00:01, memory = 781.93 (MB).
    Completing 90% with 1 violations.
    elapsed time = 00:00:01, memory = 781.93 (MB).
    Completing 100% with 0 violations.
    elapsed time = 00:00:02, memory = 781.93 (MB).
[INFO DRT-0199]   Number of violations = 0.
[INFO DRT-0267] cpu time = 00:00:02, elapsed time = 00:00:02, memory = 781.93 (MB), peak = 1208.20 (MB)
Total wire length = 480394 um.
Total wire length on LAYER li1 = 0 um.
Total wire length on LAYER met1 = 177509 um.
Total wire length on LAYER met2 = 195053 um.
Total wire length on LAYER met3 = 68905 um.
Total wire length on LAYER met4 = 37243 um.
Total wire length on LAYER met5 = 1683 um.
Total number of vias = 88994.
Up-via summary (total 88994):.

------------------------
 FR_MASTERSLICE        0
            li1    37016
           met1    44957
           met2     5453
           met3     1533
           met4       35
------------------------
                   88994


[INFO DRT-0198] Complete detail routing.
Total wire length = 480394 um.
Total wire length on LAYER li1 = 0 um.
Total wire length on LAYER met1 = 177509 um.
Total wire length on LAYER met2 = 195053 um.
Total wire length on LAYER met3 = 68905 um.
Total wire length on LAYER met4 = 37243 um.
Total wire length on LAYER met5 = 1683 um.
Total number of vias = 88994.
Up-via summary (total 88994):.

------------------------
 FR_MASTERSLICE        0
            li1    37016
           met1    44957
           met2     5453
           met3     1533
           met4       35
------------------------
                   88994


[INFO DRT-0267] cpu time = 00:47:50, elapsed time = 00:25:17, memory = 781.93 (MB), peak = 1208.20 (MB)

[INFO DRT-0180] Post processing.
Setting global connections for newly added cells…
Writing OpenROAD database to '/openlane/designs/riscv_stage2/runs/RUN_2026.09.10_08.44.32/results/routing/top.odb'…
Writing netlist to '/openlane/designs/riscv_stage2/runs/RUN_2026.09.10_08.44.32/results/routing/top.nl.v'…
Writing powered netlist to '/openlane/designs/riscv_stage2/runs/RUN_2026.09.10_08.44.32/results/routing/top.pnl.v'…
Writing layout to '/openlane/designs/riscv_stage2/runs/RUN_2026.09.10_08.44.32/results/routing/top.def'…
