Partial/Required:  2.32, Required:    400.0, Partial:   926.63, Net: net39, Pin: output39/A, Layer: met3
Partial/Required:  2.32, Required:    400.0, Partial:   926.63, Net: net39, Pin: _17711_/C, Layer: met3
Partial/Required:  2.27, Required:    400.0, Partial:   907.87, Net: _00960_, Pin: _19065_/RESET_B, Layer: met3
Partial/Required:  1.77, Required:    400.0, Partial:   706.11, Net: _05823_, Pin: _10631_/A0, Layer: met2
Partial/Required:  1.62, Required:    400.0, Partial:    650.0, Net: _04405_, Pin: _13695_/A1, Layer: met2
Partial/Required:  1.57, Required:    400.0, Partial:   627.39, Net: net77, Pin: _13039_/A1, Layer: met2
Partial/Required:  1.54, Required:    400.0, Partial:   616.78, Net: _06364_, Pin: _11118_/A1, Layer: met2
Partial/Required:  1.51, Required:    400.0, Partial:    604.0, Net: _08734_, Pin: _14647_/A1, Layer: met1
Partial/Required:  1.45, Required:    400.0, Partial:   579.24, Net: net65, Pin: output65/A, Layer: met2
Partial/Required:  1.39, Required:    400.0, Partial:   556.11, Net: _02964_, Pin: _14801_/A1, Layer: met1
Partial/Required:  1.37, Required:    400.0, Partial:   547.56, Net: _08732_, Pin: _14577_/A1, Layer: met1
Partial/Required:  1.21, Required:    400.0, Partial:    482.0, Net: _04535_, Pin: _09982_/B1, Layer: met3
Partial/Required:  1.19, Required:    400.0, Partial:   474.78, Net: _08749_, Pin: _14662_/A1, Layer: met1
Partial/Required:  1.18, Required:    400.0, Partial:   472.44, Net: blkProj14999_7.blkProj14991_42.blk3979_4.accum\[41\], Pin: _12742_/C, Layer: met1
Partial/Required:  1.17, Required:    400.0, Partial:   467.78, Net: _08707_, Pin: _14484_/A1, Layer: met2
Partial/Required:  1.16, Required:    400.0, Partial:   465.13, Net: _06745_, Pin: _12202_/A2, Layer: met3
Partial/Required:  1.16, Required:    400.0, Partial:   463.22, Net: _08741_, Pin: _14518_/A1, Layer: met1
Partial/Required:  1.14, Required:    400.0, Partial:   455.05, Net: _00991_, Pin: _19096_/RESET_B, Layer: met3
Partial/Required:  1.13, Required:    400.0, Partial:   451.33, Net: _05388_, Pin: _10417_/A0, Layer: met1
Partial/Required:  1.07, Required:    400.0, Partial:   429.36, Net: _01361_, Pin: _19658_/RESET_B, Layer: met2
Partial/Required:  1.05, Required:    400.0, Partial:    420.0, Net: _00501_, Pin: _18606_/RESET_B, Layer: met3
Partial/Required:  1.03, Required:    400.0, Partial:   412.15, Net: net39, Pin: _11134_/A0, Layer: met3
Partial/Required:  1.03, Required:    400.0, Partial:   412.15, Net: net39, Pin: _09132_/A1, Layer: met3
Partial/Required:  1.03, Required:    400.0, Partial:   412.15, Net: net39, Pin: _10303_/A1, Layer: met3
Partial/Required:  1.01, Required:    400.0, Partial:   405.78, Net: _07677_, Pin: _12996_/A, Layer: met1
